07/02/26 14:17:03 ******************************************************
07/02/26 14:17:03 ** condor_scheduniv_exec.169520.0 (CONDOR_DAGMAN) STARTING UP
07/02/26 14:17:03 ** /usr/bin/condor_dagman
07/02/26 14:17:03 ** SubsystemInfo: name=DAGMAN type=DAGMAN(9) class=CLIENT(2)
07/02/26 14:17:03 ** Configuration: subsystem:DAGMAN local:<NONE> class:CLIENT
07/02/26 14:17:03 ** $CondorVersion: 24.12.19 2026-04-15 BuildID: 896241 PackageID: 24.12.19-1+deb12 GitSHA: c68f3e0e $
07/02/26 14:17:03 ** $CondorPlatform: X86_64-Debian_12 $
07/02/26 14:17:03 ** PID = 2142084 RealUID = 1620002036
07/02/26 14:17:03 ** Log last touched time unavailable (No such file or directory)
07/02/26 14:17:03 ******************************************************
07/02/26 14:17:03 Using config source: /etc/condor/condor_config
07/02/26 14:17:03 Using local config sources: 
07/02/26 14:17:03    /etc/condor/config.d/01-submit.conf
07/02/26 14:17:03    /etc/condor/config.d/10-stash-plugin.conf
07/02/26 14:17:03    /etc/condor/config.d/23-network.config
07/02/26 14:17:03    /etc/condor/config.d/31-mail.conf
07/02/26 14:17:03    /etc/condor/config.d/35-cc-sync.conf
07/02/26 14:17:03    /etc/condor/config.d/41-periodic-remove.conf
07/02/26 14:17:03    /etc/condor/config.d/49-common.conf
07/02/26 14:17:03    /etc/condor/config.d/52-group-mapping.conf
07/02/26 14:17:03    /etc/condor/config.d/54-container.conf
07/02/26 14:17:03    /etc/condor/config.d/67-submit-transforms.conf
07/02/26 14:17:03    /etc/condor/config.d/71-submit-requirements.conf
07/02/26 14:17:03    /etc/condor/condor_config.local
07/02/26 14:17:03 config Macros = 110, Sorted = 110, StringBytes = 6376, TablesBytes = 4088
07/02/26 14:17:03 CLASSAD_CACHING is ENABLED
07/02/26 14:17:03 Daemon Log is logging: D_ALWAYS D_ERROR D_STATUS
07/02/26 14:17:03 Daemoncore: Listening at <0.0.0.0:7463> on TCP (ReliSock) and UDP (SafeSock).
07/02/26 14:17:03 DaemonCore: command socket at <10.143.248.60:7463?addrs=10.143.248.60-7463&alias=conduit.hpc.uni-saarland.de>
07/02/26 14:17:03 DaemonCore: private command socket at <10.143.248.60:7463?addrs=10.143.248.60-7463&alias=conduit.hpc.uni-saarland.de>
07/02/26 14:17:03 DAGMAN_USE_STRICT setting: 1
07/02/26 14:17:03 DAGMAN_VERBOSITY setting: 3
07/02/26 14:17:03 DAGMAN_DEBUG_CACHE_SIZE setting: 5242880
07/02/26 14:17:03 DAGMAN_DEBUG_CACHE_ENABLE setting: False
07/02/26 14:17:03 DAGMAN_SUBMIT_DELAY setting: 0
07/02/26 14:17:03 DAGMAN_MAX_SUBMIT_ATTEMPTS setting: 6
07/02/26 14:17:03 DAGMAN_STARTUP_CYCLE_DETECT setting: False
07/02/26 14:17:03 DAGMAN_USE_JOIN_NODES setting: True
07/02/26 14:17:03 DAGMAN_REPORT_GRAPH_METRICS setting: False
07/02/26 14:17:03 DAGMAN_MAX_SUBMITS_PER_INTERVAL setting: 100
07/02/26 14:17:03 DAGMAN_AGGRESSIVE_SUBMIT setting: False
07/02/26 14:17:03 DAGMAN_USER_LOG_SCAN_INTERVAL setting: 5
07/02/26 14:17:03 DAGMAN_QUEUE_UPDATE_INTERVAL setting: 300.000000
07/02/26 14:17:03 DAGMAN_DEFAULT_PRIORITY setting: 0
07/02/26 14:17:03 DAGMAN_SUPPRESS_NOTIFICATION setting: False
07/02/26 14:17:03 allow_events (DAGMAN_ALLOW_EVENTS) setting: 114
07/02/26 14:17:03 DAGMAN_RETRY_SUBMIT_FIRST setting: True
07/02/26 14:17:03 DAGMAN_RETRY_NODE_FIRST setting: False
07/02/26 14:17:03 DAGMAN_MAX_JOBS_IDLE setting: 1000
07/02/26 14:17:03 DAGMAN_MAX_JOBS_SUBMITTED setting: 0
07/02/26 14:17:03 DAGMAN_MAX_PRE_SCRIPTS setting: 20
07/02/26 14:17:03 DAGMAN_MAX_POST_SCRIPTS setting: 20
07/02/26 14:17:03 DAGMAN_MAX_HOLD_SCRIPTS setting: 20
07/02/26 14:17:03 DAGMAN_MUNGE_NODE_NAMES setting: True
07/02/26 14:17:03 DAGMAN_ALLOW_ANY_NODE_NAME_CHARACTERS setting: False
07/02/26 14:17:03 DAGMAN_PROHIBIT_MULTI_JOBS setting: False
07/02/26 14:17:03 DAGMAN_SUBMIT_DEPTH_FIRST setting: False
07/02/26 14:17:03 DAGMAN_ALWAYS_RUN_POST setting: False
07/02/26 14:17:03 DAGMAN_CONDOR_SUBMIT_EXE setting: /usr/bin/condor_submit
07/02/26 14:17:03 DAGMAN_CONDOR_RM_EXE setting: /usr/bin/condor_rm
07/02/26 14:17:03 DAGMAN_USE_DIRECT_SUBMIT setting: True
07/02/26 14:17:03 DAGMAN_PRODUCE_JOB_CREDENTIALS setting: True
07/02/26 14:17:03 DAGMAN_DEFAULT_APPEND_VARS setting: False
07/02/26 14:17:03 DAGMAN_INHERIT_ATTRS_PREFIX setting: 
07/02/26 14:17:03 DAGMAN_INHERIT_ATTRS setting: 
07/02/26 14:17:03 DAGMAN_ABORT_DUPLICATES setting: True
07/02/26 14:17:03 DAGMAN_ABORT_ON_SCARY_SUBMIT setting: True
07/02/26 14:17:03 DAGMAN_PENDING_REPORT_INTERVAL setting: 600
07/02/26 14:17:03 DAGMAN_CHECK_QUEUE_INTERVAL setting: 28800
07/02/26 14:17:03 DAGMAN_PRINT_JOB_TABLE_INTERVAL setting: 900
07/02/26 14:17:03 DAGMAN_AUTO_RESCUE setting: True
07/02/26 14:17:03 DAGMAN_MAX_RESCUE_NUM setting: 100
07/02/26 14:17:03 DAGMAN_WRITE_PARTIAL_RESCUE setting: True
07/02/26 14:17:03 DAGMAN_RESET_RETRIES_UPON_RESCUE setting: True
07/02/26 14:17:03 DAGMAN_METRICS_FILE_VERSION setting: 2
07/02/26 14:17:03 DAGMAN_DEFAULT_NODE_LOG setting: @(DAG_DIR)/@(DAG_FILE).nodes.log
07/02/26 14:17:03 DAGMAN_LOG_ON_NFS_IS_ERROR setting: False
07/02/26 14:17:03 DAGMAN_GENERATE_SUBDAG_SUBMITS setting: True
07/02/26 14:17:03 DAGMAN_MAX_JOB_HOLDS setting: 100
07/02/26 14:17:03 DAGMAN_NODE_JOB_FAILURE_TOLERANCE setting: 0
07/02/26 14:17:03 DAGMAN_HOLD_CLAIM_TIME setting: 20
07/02/26 14:17:03 DAGMAN_SUPPRESS_JOB_LOGS setting: False
07/02/26 14:17:03 DAGMAN_REMOVE_NODE_JOBS setting: True
07/02/26 14:17:03 DAGMAN_PUT_FAILED_JOBS_ON_HOLD setting: False
07/02/26 14:17:03 DAGMAN_REMOVE_JOBS_AFTER_LIMIT_CHANGE setting: False
07/02/26 14:17:03 DAGMAN will adjust edges after parsing
07/02/26 14:17:03 argv[0] == "condor_scheduniv_exec.169520.0"
07/02/26 14:17:03 argv[1] == "-Lockfile"
07/02/26 14:17:03 argv[2] == "submissions/action_shield/transport_linetrack_30_20_action_shield.dag.lock"
07/02/26 14:17:03 argv[3] == "-Dag"
07/02/26 14:17:03 argv[4] == "submissions/action_shield/transport_linetrack_30_20_action_shield.dag"
07/02/26 14:17:03 argv[5] == "-CsdVersion"
07/02/26 14:17:03 argv[6] == "$CondorVersion: 24.12.19 2026-04-15 BuildID: 896241 PackageID: 24.12.19-1+deb12 GitSHA: c68f3e0e $"
07/02/26 14:17:03 argv[7] == "-dagman"
07/02/26 14:17:03 argv[8] == "/usr/bin/condor_dagman"
07/02/26 14:17:03 argv[9] == "-AutoRescue"
07/02/26 14:17:03 argv[10] == "1"
07/02/26 14:17:03 argv[11] == "-DoRescueFrom"
07/02/26 14:17:03 argv[12] == "0"
07/02/26 14:17:03 Can't open directory "/etc/condor/passwords.d" as PRIV_ROOT, errno: 13 (Permission denied)
07/02/26 14:17:03 Can't open directory "/etc/condor/passwords.d" as PRIV_ROOT, errno: 13 (Permission denied)
07/02/26 14:17:03 Workflow batch-id: <169520.0>
07/02/26 14:17:03 Workflow batch-name: <transport_linetrack_30_20_action_shield.dag+169520>
07/02/26 14:17:03 Workflow accounting_group: <teaching>
07/02/26 14:17:03 Workflow accounting_group_user: <atml_team041>
07/02/26 14:17:03 Warning: failed to get attribute DAGNodeName
07/02/26 14:17:03 Default node log file is: </home/atml_team041/condor_tutorial/jani_env/experiments/repair_wo_domain/submissions/action_shield/transport_linetrack_30_20_action_shield.dag.nodes.log>
07/02/26 14:17:03 DAG Lockfile will be written to submissions/action_shield/transport_linetrack_30_20_action_shield.dag.lock
07/02/26 14:17:03 DAG Input file is submissions/action_shield/transport_linetrack_30_20_action_shield.dag
07/02/26 14:17:03 Parsing 1 dagfiles
07/02/26 14:17:03 Parsing submissions/action_shield/transport_linetrack_30_20_action_shield.dag ...
07/02/26 14:17:03 Adjusting edges
07/02/26 14:17:03 Dag contains 5 total nodes
07/02/26 14:17:03 Bootstrapping...
07/02/26 14:17:03 Number of pre-completed nodes: 0
07/02/26 14:17:03 MultiLogFiles: truncating log file /home/atml_team041/condor_tutorial/jani_env/experiments/repair_wo_domain/submissions/action_shield/transport_linetrack_30_20_action_shield.dag.nodes.log
07/02/26 14:17:03 DAG status: 0 (DAG_STATUS_OK)
07/02/26 14:17:03 Of 5 nodes total:
07/02/26 14:17:03  Done     Pre   Queued    Post   Ready   Un-Ready   Failed   Futile
07/02/26 14:17:03   ===     ===      ===     ===     ===        ===      ===      ===
07/02/26 14:17:03     0       0        0       0       1          4        0        0
07/02/26 14:17:03 0 job proc(s) currently held
07/02/26 14:17:03 DAGMan Runtime Statistics: [EventCycleTimeSum=0.000; SleepCycleTimeSum=0.000; SubmitCycleTimeSum=0.000; EventCycleTimeCount=0.000; SleepCycleTimeCount=0.000; SubmitCycleTimeCount=0.000; LogProcessCycleTimeSum=0.000; LogProcessCycleTimeCount=0.000; ]
07/02/26 14:17:03 Registering condor_event_timer...
07/02/26 14:17:04 Submitting HTCondor Node COLLECT job(s)...
07/02/26 14:17:04 Submitting node COLLECT from file submissions/action_shield/transport_linetrack_30_20_action_shield_collect.sub using direct job submission
07/02/26 14:17:04 	assigned HTCondor ID (169521.0.0)
07/02/26 14:17:04 Just submitted 1 job this cycle...
07/02/26 14:17:04 DAG status: 0 (DAG_STATUS_OK)
07/02/26 14:17:04 Of 5 nodes total:
07/02/26 14:17:04  Done     Pre   Queued    Post   Ready   Un-Ready   Failed   Futile
07/02/26 14:17:04   ===     ===      ===     ===     ===        ===      ===      ===
07/02/26 14:17:04     0       0        1       0       0          4        0        0
07/02/26 14:17:04 0 job proc(s) currently held
07/02/26 14:17:04 DAGMan Runtime Statistics: [EventCycleTimeSum=0.000; SleepCycleTimeSum=0.000; SubmitCycleTimeAvg=0.093; SubmitCycleTimeMax=0.093; SubmitCycleTimeMin=0.093; SubmitCycleTimeStd=0.093; SubmitCycleTimeSum=0.093; EventCycleTimeCount=0.000; SleepCycleTimeCount=0.000; SubmitCycleTimeCount=1.000; LogProcessCycleTimeSum=0.000; LogProcessCycleTimeCount=0.000; ]
07/02/26 14:17:09 Currently monitoring 1 HTCondor log file(s)
07/02/26 14:17:09 Reassigning the id of job COLLECT from (169521.0.0) to (169521.0.0)
07/02/26 14:17:09 Event: ULOG_SUBMIT for HTCondor Node COLLECT (169521.0.0) {07/02/26 14:17:04}
07/02/26 14:17:09 Number of idle job procs: 1
07/02/26 14:17:09 Reassigning the id of job COLLECT from (169521.0.0) to (169521.1.0)
07/02/26 14:17:09 Event: ULOG_SUBMIT for HTCondor Node COLLECT (169521.1.0) {07/02/26 14:17:04}
07/02/26 14:17:09 Number of idle job procs: 2
07/02/26 14:17:09 Reassigning the id of job COLLECT from (169521.1.0) to (169521.10.0)
07/02/26 14:17:09 Event: ULOG_SUBMIT for HTCondor Node COLLECT (169521.10.0) {07/02/26 14:17:04}
07/02/26 14:17:09 Number of idle job procs: 3
07/02/26 14:17:09 Reassigning the id of job COLLECT from (169521.10.0) to (169521.11.0)
07/02/26 14:17:09 Event: ULOG_SUBMIT for HTCondor Node COLLECT (169521.11.0) {07/02/26 14:17:04}
07/02/26 14:17:09 Number of idle job procs: 4
07/02/26 14:17:09 Reassigning the id of job COLLECT from (169521.11.0) to (169521.12.0)
07/02/26 14:17:09 Event: ULOG_SUBMIT for HTCondor Node COLLECT (169521.12.0) {07/02/26 14:17:04}
07/02/26 14:17:09 Number of idle job procs: 5
07/02/26 14:17:09 Reassigning the id of job COLLECT from (169521.12.0) to (169521.13.0)
07/02/26 14:17:09 Event: ULOG_SUBMIT for HTCondor Node COLLECT (169521.13.0) {07/02/26 14:17:04}
07/02/26 14:17:09 Number of idle job procs: 6
07/02/26 14:17:09 Reassigning the id of job COLLECT from (169521.13.0) to (169521.14.0)
07/02/26 14:17:09 Event: ULOG_SUBMIT for HTCondor Node COLLECT (169521.14.0) {07/02/26 14:17:04}
07/02/26 14:17:09 Number of idle job procs: 7
07/02/26 14:17:09 Reassigning the id of job COLLECT from (169521.14.0) to (169521.15.0)
07/02/26 14:17:09 Event: ULOG_SUBMIT for HTCondor Node COLLECT (169521.15.0) {07/02/26 14:17:04}
07/02/26 14:17:09 Number of idle job procs: 8
07/02/26 14:17:09 Reassigning the id of job COLLECT from (169521.15.0) to (169521.16.0)
07/02/26 14:17:09 Event: ULOG_SUBMIT for HTCondor Node COLLECT (169521.16.0) {07/02/26 14:17:04}
07/02/26 14:17:09 Number of idle job procs: 9
07/02/26 14:17:09 Reassigning the id of job COLLECT from (169521.16.0) to (169521.17.0)
07/02/26 14:17:09 Event: ULOG_SUBMIT for HTCondor Node COLLECT (169521.17.0) {07/02/26 14:17:04}
07/02/26 14:17:09 Number of idle job procs: 10
07/02/26 14:17:09 Reassigning the id of job COLLECT from (169521.17.0) to (169521.18.0)
07/02/26 14:17:09 Event: ULOG_SUBMIT for HTCondor Node COLLECT (169521.18.0) {07/02/26 14:17:04}
07/02/26 14:17:09 Number of idle job procs: 11
07/02/26 14:17:09 Reassigning the id of job COLLECT from (169521.18.0) to (169521.19.0)
07/02/26 14:17:09 Event: ULOG_SUBMIT for HTCondor Node COLLECT (169521.19.0) {07/02/26 14:17:04}
07/02/26 14:17:09 Number of idle job procs: 12
07/02/26 14:17:09 Reassigning the id of job COLLECT from (169521.19.0) to (169521.2.0)
07/02/26 14:17:09 Event: ULOG_SUBMIT for HTCondor Node COLLECT (169521.2.0) {07/02/26 14:17:04}
07/02/26 14:17:09 Number of idle job procs: 13
07/02/26 14:17:09 Reassigning the id of job COLLECT from (169521.2.0) to (169521.20.0)
07/02/26 14:17:09 Event: ULOG_SUBMIT for HTCondor Node COLLECT (169521.20.0) {07/02/26 14:17:04}
07/02/26 14:17:09 Number of idle job procs: 14
07/02/26 14:17:09 Reassigning the id of job COLLECT from (169521.20.0) to (169521.21.0)
07/02/26 14:17:09 Event: ULOG_SUBMIT for HTCondor Node COLLECT (169521.21.0) {07/02/26 14:17:04}
07/02/26 14:17:09 Number of idle job procs: 15
07/02/26 14:17:09 Reassigning the id of job COLLECT from (169521.21.0) to (169521.22.0)
07/02/26 14:17:09 Event: ULOG_SUBMIT for HTCondor Node COLLECT (169521.22.0) {07/02/26 14:17:04}
07/02/26 14:17:09 Number of idle job procs: 16
07/02/26 14:17:09 Reassigning the id of job COLLECT from (169521.22.0) to (169521.23.0)
07/02/26 14:17:09 Event: ULOG_SUBMIT for HTCondor Node COLLECT (169521.23.0) {07/02/26 14:17:04}
07/02/26 14:17:09 Number of idle job procs: 17
07/02/26 14:17:09 Reassigning the id of job COLLECT from (169521.23.0) to (169521.24.0)
07/02/26 14:17:09 Event: ULOG_SUBMIT for HTCondor Node COLLECT (169521.24.0) {07/02/26 14:17:04}
07/02/26 14:17:09 Number of idle job procs: 18
07/02/26 14:17:09 Reassigning the id of job COLLECT from (169521.24.0) to (169521.25.0)
07/02/26 14:17:09 Event: ULOG_SUBMIT for HTCondor Node COLLECT (169521.25.0) {07/02/26 14:17:04}
07/02/26 14:17:09 Number of idle job procs: 19
07/02/26 14:17:09 Reassigning the id of job COLLECT from (169521.25.0) to (169521.26.0)
07/02/26 14:17:09 Event: ULOG_SUBMIT for HTCondor Node COLLECT (169521.26.0) {07/02/26 14:17:04}
07/02/26 14:17:09 Number of idle job procs: 20
07/02/26 14:17:09 Reassigning the id of job COLLECT from (169521.26.0) to (169521.27.0)
07/02/26 14:17:09 Event: ULOG_SUBMIT for HTCondor Node COLLECT (169521.27.0) {07/02/26 14:17:04}
07/02/26 14:17:09 Number of idle job procs: 21
07/02/26 14:17:09 Reassigning the id of job COLLECT from (169521.27.0) to (169521.28.0)
07/02/26 14:17:09 Event: ULOG_SUBMIT for HTCondor Node COLLECT (169521.28.0) {07/02/26 14:17:04}
07/02/26 14:17:09 Number of idle job procs: 22
07/02/26 14:17:09 Reassigning the id of job COLLECT from (169521.28.0) to (169521.29.0)
07/02/26 14:17:09 Event: ULOG_SUBMIT for HTCondor Node COLLECT (169521.29.0) {07/02/26 14:17:04}
07/02/26 14:17:09 Number of idle job procs: 23
07/02/26 14:17:09 Reassigning the id of job COLLECT from (169521.29.0) to (169521.3.0)
07/02/26 14:17:09 Event: ULOG_SUBMIT for HTCondor Node COLLECT (169521.3.0) {07/02/26 14:17:04}
07/02/26 14:17:09 Number of idle job procs: 24
07/02/26 14:17:09 Reassigning the id of job COLLECT from (169521.3.0) to (169521.30.0)
07/02/26 14:17:09 Event: ULOG_SUBMIT for HTCondor Node COLLECT (169521.30.0) {07/02/26 14:17:04}
07/02/26 14:17:09 Number of idle job procs: 25
07/02/26 14:17:09 Reassigning the id of job COLLECT from (169521.30.0) to (169521.31.0)
07/02/26 14:17:09 Event: ULOG_SUBMIT for HTCondor Node COLLECT (169521.31.0) {07/02/26 14:17:04}
07/02/26 14:17:09 Number of idle job procs: 26
07/02/26 14:17:09 Reassigning the id of job COLLECT from (169521.31.0) to (169521.32.0)
07/02/26 14:17:09 Event: ULOG_SUBMIT for HTCondor Node COLLECT (169521.32.0) {07/02/26 14:17:04}
07/02/26 14:17:09 Number of idle job procs: 27
07/02/26 14:17:09 Reassigning the id of job COLLECT from (169521.32.0) to (169521.33.0)
07/02/26 14:17:09 Event: ULOG_SUBMIT for HTCondor Node COLLECT (169521.33.0) {07/02/26 14:17:04}
07/02/26 14:17:09 Number of idle job procs: 28
07/02/26 14:17:09 Reassigning the id of job COLLECT from (169521.33.0) to (169521.34.0)
07/02/26 14:17:09 Event: ULOG_SUBMIT for HTCondor Node COLLECT (169521.34.0) {07/02/26 14:17:04}
07/02/26 14:17:09 Number of idle job procs: 29
07/02/26 14:17:09 Reassigning the id of job COLLECT from (169521.34.0) to (169521.35.0)
07/02/26 14:17:09 Event: ULOG_SUBMIT for HTCondor Node COLLECT (169521.35.0) {07/02/26 14:17:04}
07/02/26 14:17:09 Number of idle job procs: 30
07/02/26 14:17:09 Reassigning the id of job COLLECT from (169521.35.0) to (169521.36.0)
07/02/26 14:17:09 Event: ULOG_SUBMIT for HTCondor Node COLLECT (169521.36.0) {07/02/26 14:17:04}
07/02/26 14:17:09 Number of idle job procs: 31
07/02/26 14:17:09 Reassigning the id of job COLLECT from (169521.36.0) to (169521.37.0)
07/02/26 14:17:09 Event: ULOG_SUBMIT for HTCondor Node COLLECT (169521.37.0) {07/02/26 14:17:04}
07/02/26 14:17:09 Number of idle job procs: 32
07/02/26 14:17:09 Reassigning the id of job COLLECT from (169521.37.0) to (169521.38.0)
07/02/26 14:17:09 Event: ULOG_SUBMIT for HTCondor Node COLLECT (169521.38.0) {07/02/26 14:17:04}
07/02/26 14:17:09 Number of idle job procs: 33
07/02/26 14:17:09 Reassigning the id of job COLLECT from (169521.38.0) to (169521.39.0)
07/02/26 14:17:09 Event: ULOG_SUBMIT for HTCondor Node COLLECT (169521.39.0) {07/02/26 14:17:04}
07/02/26 14:17:09 Number of idle job procs: 34
07/02/26 14:17:09 Reassigning the id of job COLLECT from (169521.39.0) to (169521.4.0)
07/02/26 14:17:09 Event: ULOG_SUBMIT for HTCondor Node COLLECT (169521.4.0) {07/02/26 14:17:04}
07/02/26 14:17:09 Number of idle job procs: 35
07/02/26 14:17:09 Reassigning the id of job COLLECT from (169521.4.0) to (169521.5.0)
07/02/26 14:17:09 Event: ULOG_SUBMIT for HTCondor Node COLLECT (169521.5.0) {07/02/26 14:17:04}
07/02/26 14:17:09 Number of idle job procs: 36
07/02/26 14:17:09 Reassigning the id of job COLLECT from (169521.5.0) to (169521.6.0)
07/02/26 14:17:09 Event: ULOG_SUBMIT for HTCondor Node COLLECT (169521.6.0) {07/02/26 14:17:04}
07/02/26 14:17:09 Number of idle job procs: 37
07/02/26 14:17:09 Reassigning the id of job COLLECT from (169521.6.0) to (169521.7.0)
07/02/26 14:17:09 Event: ULOG_SUBMIT for HTCondor Node COLLECT (169521.7.0) {07/02/26 14:17:04}
07/02/26 14:17:09 Number of idle job procs: 38
07/02/26 14:17:09 Reassigning the id of job COLLECT from (169521.7.0) to (169521.8.0)
07/02/26 14:17:09 Event: ULOG_SUBMIT for HTCondor Node COLLECT (169521.8.0) {07/02/26 14:17:04}
07/02/26 14:17:09 Number of idle job procs: 39
07/02/26 14:17:09 Reassigning the id of job COLLECT from (169521.8.0) to (169521.9.0)
07/02/26 14:17:09 Event: ULOG_SUBMIT for HTCondor Node COLLECT (169521.9.0) {07/02/26 14:17:04}
07/02/26 14:17:09 Number of idle job procs: 40
07/02/26 14:17:29 Currently monitoring 1 HTCondor log file(s)
07/02/26 14:17:29 Event: ULOG_EXECUTE for HTCondor Node COLLECT (169521.18.0) {07/02/26 14:17:25}
07/02/26 14:17:29 Number of idle job procs: 39
07/02/26 14:17:29 Event: ULOG_EXECUTE for HTCondor Node COLLECT (169521.20.0) {07/02/26 14:17:25}
07/02/26 14:17:29 Number of idle job procs: 38
07/02/26 14:17:29 Event: ULOG_EXECUTE for HTCondor Node COLLECT (169521.19.0) {07/02/26 14:17:25}
07/02/26 14:17:29 Number of idle job procs: 37
07/02/26 14:17:29 Event: ULOG_EXECUTE for HTCondor Node COLLECT (169521.10.0) {07/02/26 14:17:25}
07/02/26 14:17:29 Number of idle job procs: 36
07/02/26 14:17:29 Event: ULOG_EXECUTE for HTCondor Node COLLECT (169521.11.0) {07/02/26 14:17:25}
07/02/26 14:17:29 Number of idle job procs: 35
07/02/26 14:17:29 Event: ULOG_EXECUTE for HTCondor Node COLLECT (169521.16.0) {07/02/26 14:17:25}
07/02/26 14:17:29 Number of idle job procs: 34
07/02/26 14:17:29 Event: ULOG_EXECUTE for HTCondor Node COLLECT (169521.1.0) {07/02/26 14:17:25}
07/02/26 14:17:29 Number of idle job procs: 33
07/02/26 14:17:29 Event: ULOG_EXECUTE for HTCondor Node COLLECT (169521.12.0) {07/02/26 14:17:25}
07/02/26 14:17:29 Number of idle job procs: 32
07/02/26 14:17:29 Event: ULOG_EXECUTE for HTCondor Node COLLECT (169521.17.0) {07/02/26 14:17:25}
07/02/26 14:17:29 Number of idle job procs: 31
07/02/26 14:17:29 Event: ULOG_EXECUTE for HTCondor Node COLLECT (169521.13.0) {07/02/26 14:17:25}
07/02/26 14:17:29 Number of idle job procs: 30
07/02/26 14:17:29 Event: ULOG_EXECUTE for HTCondor Node COLLECT (169521.14.0) {07/02/26 14:17:25}
07/02/26 14:17:29 Number of idle job procs: 29
07/02/26 14:17:29 Event: ULOG_EXECUTE for HTCondor Node COLLECT (169521.15.0) {07/02/26 14:17:25}
07/02/26 14:17:29 Number of idle job procs: 28
07/02/26 14:17:29 Event: ULOG_EXECUTE for HTCondor Node COLLECT (169521.3.0) {07/02/26 14:17:25}
07/02/26 14:17:29 Number of idle job procs: 27
07/02/26 14:17:29 Event: ULOG_EXECUTE for HTCondor Node COLLECT (169521.2.0) {07/02/26 14:17:25}
07/02/26 14:17:29 Number of idle job procs: 26
07/02/26 14:17:29 Event: ULOG_EXECUTE for HTCondor Node COLLECT (169521.5.0) {07/02/26 14:17:25}
07/02/26 14:17:29 Number of idle job procs: 25
07/02/26 14:17:29 Event: ULOG_EXECUTE for HTCondor Node COLLECT (169521.4.0) {07/02/26 14:17:25}
07/02/26 14:17:29 Number of idle job procs: 24
07/02/26 14:17:29 Event: ULOG_EXECUTE for HTCondor Node COLLECT (169521.6.0) {07/02/26 14:17:25}
07/02/26 14:17:29 Number of idle job procs: 23
07/02/26 14:17:34 Currently monitoring 1 HTCondor log file(s)
07/02/26 14:17:34 Event: ULOG_EXECUTE for HTCondor Node COLLECT (169521.9.0) {07/02/26 14:17:34}
07/02/26 14:17:34 Number of idle job procs: 22
07/02/26 14:17:34 Event: ULOG_EXECUTE for HTCondor Node COLLECT (169521.8.0) {07/02/26 14:17:34}
07/02/26 14:17:34 Number of idle job procs: 21
07/02/26 14:17:34 Event: ULOG_EXECUTE for HTCondor Node COLLECT (169521.7.0) {07/02/26 14:17:34}
07/02/26 14:17:34 Number of idle job procs: 20
07/02/26 14:17:39 Currently monitoring 1 HTCondor log file(s)
07/02/26 14:17:39 Event: ULOG_EXECUTE for HTCondor Node COLLECT (169521.0.0) {07/02/26 14:17:36}
07/02/26 14:17:39 Number of idle job procs: 19
07/02/26 14:23:05 Currently monitoring 1 HTCondor log file(s)
07/02/26 14:23:05 Event: ULOG_EXECUTE for HTCondor Node COLLECT (169521.21.0) {07/02/26 14:23:04}
07/02/26 14:23:05 Number of idle job procs: 18
07/02/26 14:32:05 Total jobs placed to AP: 40
07/02/26 14:32:05      Idle     Held     Running     Successful     Failed
07/02/26 14:32:05       ===      ===         ===            ===        ===
07/02/26 14:32:05        18        0          22              0          0
07/02/26 14:33:05 600 seconds since last log event
07/02/26 14:33:05 Pending DAG nodes:
07/02/26 14:33:05   Node COLLECT, HTCondor ID 169521, status STATUS_SUBMITTED
07/02/26 14:43:06 1201 seconds since last log event
07/02/26 14:43:06 Pending DAG nodes:
07/02/26 14:43:06   Node COLLECT, HTCondor ID 169521, status STATUS_SUBMITTED
07/02/26 14:47:06 Total jobs placed to AP: 40
07/02/26 14:47:06      Idle     Held     Running     Successful     Failed
07/02/26 14:47:06       ===      ===         ===            ===        ===
07/02/26 14:47:06        18        0          22              0          0
07/02/26 14:48:36 Currently monitoring 1 HTCondor log file(s)
07/02/26 14:48:36 Event: ULOG_JOB_TERMINATED for HTCondor Node COLLECT (169521.1.0) {07/02/26 14:48:32}
07/02/26 14:48:36 Number of idle job procs: 18
07/02/26 14:48:36 Node COLLECT job proc (169521.1.0) completed successfully.
07/02/26 14:48:51 Currently monitoring 1 HTCondor log file(s)
07/02/26 14:48:51 Event: ULOG_JOB_TERMINATED for HTCondor Node COLLECT (169521.5.0) {07/02/26 14:48:47}
07/02/26 14:48:51 Number of idle job procs: 18
07/02/26 14:48:51 Node COLLECT job proc (169521.5.0) completed successfully.
07/02/26 14:49:21 Currently monitoring 1 HTCondor log file(s)
07/02/26 14:49:21 Event: ULOG_JOB_TERMINATED for HTCondor Node COLLECT (169521.6.0) {07/02/26 14:49:17}
07/02/26 14:49:21 Number of idle job procs: 18
07/02/26 14:49:21 Node COLLECT job proc (169521.6.0) completed successfully.
07/02/26 14:49:31 Currently monitoring 1 HTCondor log file(s)
07/02/26 14:49:31 Event: ULOG_JOB_TERMINATED for HTCondor Node COLLECT (169521.3.0) {07/02/26 14:49:28}
07/02/26 14:49:31 Number of idle job procs: 18
07/02/26 14:49:31 Node COLLECT job proc (169521.3.0) completed successfully.
07/02/26 14:49:36 Currently monitoring 1 HTCondor log file(s)
07/02/26 14:49:36 Event: ULOG_JOB_TERMINATED for HTCondor Node COLLECT (169521.9.0) {07/02/26 14:49:35}
07/02/26 14:49:36 Number of idle job procs: 18
07/02/26 14:49:36 Node COLLECT job proc (169521.9.0) completed successfully.
07/02/26 14:49:41 Currently monitoring 1 HTCondor log file(s)
07/02/26 14:49:41 Event: ULOG_JOB_TERMINATED for HTCondor Node COLLECT (169521.2.0) {07/02/26 14:49:36}
07/02/26 14:49:41 Number of idle job procs: 18
07/02/26 14:49:41 Node COLLECT job proc (169521.2.0) completed successfully.
07/02/26 14:50:21 Currently monitoring 1 HTCondor log file(s)
07/02/26 14:50:21 Event: ULOG_EXECUTE for HTCondor Node COLLECT (169521.22.0) {07/02/26 14:50:19}
07/02/26 14:50:21 Number of idle job procs: 17
07/02/26 14:50:21 Event: ULOG_EXECUTE for HTCondor Node COLLECT (169521.23.0) {07/02/26 14:50:19}
07/02/26 14:50:21 Number of idle job procs: 16
07/02/26 14:50:21 Event: ULOG_JOB_TERMINATED for HTCondor Node COLLECT (169521.4.0) {07/02/26 14:50:19}
07/02/26 14:50:21 Number of idle job procs: 16
07/02/26 14:50:21 Node COLLECT job proc (169521.4.0) completed successfully.
07/02/26 14:50:31 Currently monitoring 1 HTCondor log file(s)
07/02/26 14:50:31 Event: ULOG_JOB_TERMINATED for HTCondor Node COLLECT (169521.8.0) {07/02/26 14:50:28}
07/02/26 14:50:31 Number of idle job procs: 16
07/02/26 14:50:31 Node COLLECT job proc (169521.8.0) completed successfully.
07/02/26 14:50:36 Currently monitoring 1 HTCondor log file(s)
07/02/26 14:50:36 Event: ULOG_JOB_TERMINATED for HTCondor Node COLLECT (169521.0.0) {07/02/26 14:50:36}
07/02/26 14:50:36 Number of idle job procs: 16
07/02/26 14:50:36 Node COLLECT job proc (169521.0.0) completed successfully.
07/02/26 14:50:56 Currently monitoring 1 HTCondor log file(s)
07/02/26 14:50:56 Event: ULOG_JOB_TERMINATED for HTCondor Node COLLECT (169521.12.0) {07/02/26 14:50:55}
07/02/26 14:50:56 Number of idle job procs: 16
07/02/26 14:50:56 Node COLLECT job proc (169521.12.0) completed successfully.
07/02/26 14:51:06 Currently monitoring 1 HTCondor log file(s)
07/02/26 14:51:06 Event: ULOG_EXECUTE for HTCondor Node COLLECT (169521.25.0) {07/02/26 14:51:03}
07/02/26 14:51:06 Number of idle job procs: 15
07/02/26 14:51:06 Event: ULOG_EXECUTE for HTCondor Node COLLECT (169521.26.0) {07/02/26 14:51:03}
07/02/26 14:51:06 Number of idle job procs: 14
07/02/26 14:51:06 Event: ULOG_EXECUTE for HTCondor Node COLLECT (169521.24.0) {07/02/26 14:51:03}
07/02/26 14:51:06 Number of idle job procs: 13
07/02/26 14:51:41 Currently monitoring 1 HTCondor log file(s)
07/02/26 14:51:41 Event: ULOG_JOB_TERMINATED for HTCondor Node COLLECT (169521.7.0) {07/02/26 14:51:39}
07/02/26 14:51:41 Number of idle job procs: 13
07/02/26 14:51:41 Node COLLECT job proc (169521.7.0) completed successfully.
07/02/26 14:52:06 Currently monitoring 1 HTCondor log file(s)
07/02/26 14:52:06 Event: ULOG_EXECUTE for HTCondor Node COLLECT (169521.29.0) {07/02/26 14:52:02}
07/02/26 14:52:06 Number of idle job procs: 12
07/02/26 14:52:06 Event: ULOG_EXECUTE for HTCondor Node COLLECT (169521.27.0) {07/02/26 14:52:02}
07/02/26 14:52:06 Number of idle job procs: 11
07/02/26 14:52:06 Event: ULOG_EXECUTE for HTCondor Node COLLECT (169521.28.0) {07/02/26 14:52:02}
07/02/26 14:52:06 Number of idle job procs: 10
07/02/26 14:56:27 Currently monitoring 1 HTCondor log file(s)
07/02/26 14:56:27 Event: ULOG_EXECUTE for HTCondor Node COLLECT (169521.30.0) {07/02/26 14:56:23}
07/02/26 14:56:27 Number of idle job procs: 9
07/02/26 14:58:27 Currently monitoring 1 HTCondor log file(s)
07/02/26 14:58:27 Event: ULOG_EXECUTE for HTCondor Node COLLECT (169521.31.0) {07/02/26 14:58:23}
07/02/26 14:58:27 Number of idle job procs: 8
07/02/26 15:00:22 Currently monitoring 1 HTCondor log file(s)
07/02/26 15:00:22 Event: ULOG_JOB_TERMINATED for HTCondor Node COLLECT (169521.20.0) {07/02/26 15:00:17}
07/02/26 15:00:22 Number of idle job procs: 8
07/02/26 15:00:22 Node COLLECT job proc (169521.20.0) completed successfully.
07/02/26 15:00:22 Event: ULOG_JOB_TERMINATED for HTCondor Node COLLECT (169521.18.0) {07/02/26 15:00:18}
07/02/26 15:00:22 Number of idle job procs: 8
07/02/26 15:00:22 Node COLLECT job proc (169521.18.0) completed successfully.
07/02/26 15:00:27 Currently monitoring 1 HTCondor log file(s)
07/02/26 15:00:27 Event: ULOG_EXECUTE for HTCondor Node COLLECT (169521.32.0) {07/02/26 15:00:22}
07/02/26 15:00:27 Number of idle job procs: 7
07/02/26 15:00:27 Event: ULOG_EXECUTE for HTCondor Node COLLECT (169521.33.0) {07/02/26 15:00:22}
07/02/26 15:00:27 Number of idle job procs: 6
07/02/26 15:02:07 Total jobs placed to AP: 40
07/02/26 15:02:07      Idle     Held     Running     Successful     Failed
07/02/26 15:02:07       ===      ===         ===            ===        ===
07/02/26 15:02:07         6        0          21             13          0
07/02/26 15:07:22 Currently monitoring 1 HTCondor log file(s)
07/02/26 15:07:22 Event: ULOG_JOB_TERMINATED for HTCondor Node COLLECT (169521.19.0) {07/02/26 15:07:22}
07/02/26 15:07:22 Number of idle job procs: 6
07/02/26 15:07:22 Node COLLECT job proc (169521.19.0) completed successfully.
07/02/26 15:07:27 Currently monitoring 1 HTCondor log file(s)
07/02/26 15:07:27 Event: ULOG_JOB_TERMINATED for HTCondor Node COLLECT (169521.21.0) {07/02/26 15:07:23}
07/02/26 15:07:27 Number of idle job procs: 6
07/02/26 15:07:27 Node COLLECT job proc (169521.21.0) completed successfully.
07/02/26 15:09:27 Currently monitoring 1 HTCondor log file(s)
07/02/26 15:09:27 Event: ULOG_EXECUTE for HTCondor Node COLLECT (169521.34.0) {07/02/26 15:09:24}
07/02/26 15:09:27 Number of idle job procs: 5
07/02/26 15:10:27 Currently monitoring 1 HTCondor log file(s)
07/02/26 15:10:27 Event: ULOG_EXECUTE for HTCondor Node COLLECT (169521.35.0) {07/02/26 15:10:24}
07/02/26 15:10:27 Number of idle job procs: 4
07/02/26 15:17:08 Total jobs placed to AP: 40
07/02/26 15:17:08      Idle     Held     Running     Successful     Failed
07/02/26 15:17:08       ===      ===         ===            ===        ===
07/02/26 15:17:08         4        0          21             15          0
07/02/26 15:18:13 Currently monitoring 1 HTCondor log file(s)
07/02/26 15:18:13 Event: ULOG_JOB_TERMINATED for HTCondor Node COLLECT (169521.26.0) {07/02/26 15:18:10}
07/02/26 15:18:13 Number of idle job procs: 4
07/02/26 15:18:13 Node COLLECT job proc (169521.26.0) completed successfully.
07/02/26 15:19:13 Currently monitoring 1 HTCondor log file(s)
07/02/26 15:19:13 Event: ULOG_JOB_TERMINATED for HTCondor Node COLLECT (169521.15.0) {07/02/26 15:19:08}
07/02/26 15:19:13 Number of idle job procs: 4
07/02/26 15:19:13 Node COLLECT job proc (169521.15.0) completed successfully.
07/02/26 15:19:38 Currently monitoring 1 HTCondor log file(s)
07/02/26 15:19:38 Event: ULOG_JOB_TERMINATED for HTCondor Node COLLECT (169521.16.0) {07/02/26 15:19:33}
07/02/26 15:19:38 Number of idle job procs: 4
07/02/26 15:19:38 Node COLLECT job proc (169521.16.0) completed successfully.
07/02/26 15:19:38 Event: ULOG_JOB_TERMINATED for HTCondor Node COLLECT (169521.14.0) {07/02/26 15:19:33}
07/02/26 15:19:38 Number of idle job procs: 4
07/02/26 15:19:38 Node COLLECT job proc (169521.14.0) completed successfully.
07/02/26 15:19:38 Event: ULOG_EXECUTE for HTCondor Node COLLECT (169521.36.0) {07/02/26 15:19:37}
07/02/26 15:19:38 Number of idle job procs: 3
07/02/26 15:19:38 Event: ULOG_EXECUTE for HTCondor Node COLLECT (169521.37.0) {07/02/26 15:19:37}
07/02/26 15:19:38 Number of idle job procs: 2
07/02/26 15:19:38 Event: ULOG_EXECUTE for HTCondor Node COLLECT (169521.38.0) {07/02/26 15:19:37}
07/02/26 15:19:38 Number of idle job procs: 1
07/02/26 15:19:38 Event: ULOG_EXECUTE for HTCondor Node COLLECT (169521.39.0) {07/02/26 15:19:37}
07/02/26 15:19:38 Number of idle job procs: 0
07/02/26 15:20:03 Currently monitoring 1 HTCondor log file(s)
07/02/26 15:20:03 Event: ULOG_JOB_TERMINATED for HTCondor Node COLLECT (169521.25.0) {07/02/26 15:20:03}
07/02/26 15:20:03 Number of idle job procs: 0
07/02/26 15:20:03 Node COLLECT job proc (169521.25.0) completed successfully.
07/02/26 15:21:03 Currently monitoring 1 HTCondor log file(s)
07/02/26 15:21:03 Event: ULOG_JOB_TERMINATED for HTCondor Node COLLECT (169521.29.0) {07/02/26 15:20:58}
07/02/26 15:21:03 Number of idle job procs: 0
07/02/26 15:21:03 Node COLLECT job proc (169521.29.0) completed successfully.
07/02/26 15:21:13 Currently monitoring 1 HTCondor log file(s)
07/02/26 15:21:13 Event: ULOG_JOB_TERMINATED for HTCondor Node COLLECT (169521.10.0) {07/02/26 15:21:12}
07/02/26 15:21:13 Number of idle job procs: 0
07/02/26 15:21:13 Node COLLECT job proc (169521.10.0) completed successfully.
07/02/26 15:21:13 Event: ULOG_JOB_TERMINATED for HTCondor Node COLLECT (169521.13.0) {07/02/26 15:21:12}
07/02/26 15:21:13 Number of idle job procs: 0
07/02/26 15:21:13 Node COLLECT job proc (169521.13.0) completed successfully.
07/02/26 15:21:18 Currently monitoring 1 HTCondor log file(s)
07/02/26 15:21:18 Event: ULOG_JOB_TERMINATED for HTCondor Node COLLECT (169521.17.0) {07/02/26 15:21:14}
07/02/26 15:21:18 Number of idle job procs: 0
07/02/26 15:21:18 Node COLLECT job proc (169521.17.0) completed successfully.
07/02/26 15:21:18 Event: ULOG_JOB_TERMINATED for HTCondor Node COLLECT (169521.11.0) {07/02/26 15:21:17}
07/02/26 15:21:18 Number of idle job procs: 0
07/02/26 15:21:18 Node COLLECT job proc (169521.11.0) completed successfully.
07/02/26 15:21:28 Currently monitoring 1 HTCondor log file(s)
07/02/26 15:21:28 Event: ULOG_JOB_TERMINATED for HTCondor Node COLLECT (169521.22.0) {07/02/26 15:21:25}
07/02/26 15:21:28 Number of idle job procs: 0
07/02/26 15:21:28 Node COLLECT job proc (169521.22.0) completed successfully.
07/02/26 15:23:03 Currently monitoring 1 HTCondor log file(s)
07/02/26 15:23:03 Event: ULOG_JOB_TERMINATED for HTCondor Node COLLECT (169521.23.0) {07/02/26 15:23:01}
07/02/26 15:23:03 Number of idle job procs: 0
07/02/26 15:23:03 Node COLLECT job proc (169521.23.0) completed successfully.
07/02/26 15:23:08 Currently monitoring 1 HTCondor log file(s)
07/02/26 15:23:08 Event: ULOG_JOB_TERMINATED for HTCondor Node COLLECT (169521.27.0) {07/02/26 15:23:08}
07/02/26 15:23:08 Number of idle job procs: 0
07/02/26 15:23:08 Node COLLECT job proc (169521.27.0) completed successfully.
07/02/26 15:23:43 Currently monitoring 1 HTCondor log file(s)
07/02/26 15:23:43 Event: ULOG_JOB_TERMINATED for HTCondor Node COLLECT (169521.28.0) {07/02/26 15:23:39}
07/02/26 15:23:43 Number of idle job procs: 0
07/02/26 15:23:43 Node COLLECT job proc (169521.28.0) completed successfully.
07/02/26 15:23:43 Event: ULOG_JOB_TERMINATED for HTCondor Node COLLECT (169521.24.0) {07/02/26 15:23:39}
07/02/26 15:23:43 Number of idle job procs: 0
07/02/26 15:23:43 Node COLLECT job proc (169521.24.0) completed successfully.
07/02/26 15:27:18 Currently monitoring 1 HTCondor log file(s)
07/02/26 15:27:18 Event: ULOG_JOB_TERMINATED for HTCondor Node COLLECT (169521.30.0) {07/02/26 15:27:17}
07/02/26 15:27:18 Number of idle job procs: 0
07/02/26 15:27:18 Node COLLECT job proc (169521.30.0) completed successfully.
07/02/26 15:30:19 Currently monitoring 1 HTCondor log file(s)
07/02/26 15:30:19 Event: ULOG_JOB_TERMINATED for HTCondor Node COLLECT (169521.31.0) {07/02/26 15:30:17}
07/02/26 15:30:19 Number of idle job procs: 0
07/02/26 15:30:19 Node COLLECT job proc (169521.31.0) completed successfully.
07/02/26 15:32:09 Total jobs placed to AP: 40
07/02/26 15:32:09      Idle     Held     Running     Successful     Failed
07/02/26 15:32:09       ===      ===         ===            ===        ===
07/02/26 15:32:09         0        0           8             32          0
07/02/26 15:36:09 Currently monitoring 1 HTCondor log file(s)
07/02/26 15:36:09 Event: ULOG_JOB_TERMINATED for HTCondor Node COLLECT (169521.33.0) {07/02/26 15:36:05}
07/02/26 15:36:09 Number of idle job procs: 0
07/02/26 15:36:09 Node COLLECT job proc (169521.33.0) completed successfully.
07/02/26 15:36:29 Currently monitoring 1 HTCondor log file(s)
07/02/26 15:36:29 Event: ULOG_JOB_TERMINATED for HTCondor Node COLLECT (169521.32.0) {07/02/26 15:36:28}
07/02/26 15:36:29 Number of idle job procs: 0
07/02/26 15:36:29 Node COLLECT job proc (169521.32.0) completed successfully.
07/02/26 15:42:34 Currently monitoring 1 HTCondor log file(s)
07/02/26 15:42:34 Event: ULOG_JOB_TERMINATED for HTCondor Node COLLECT (169521.35.0) {07/02/26 15:42:32}
07/02/26 15:42:34 Number of idle job procs: 0
07/02/26 15:42:34 Node COLLECT job proc (169521.35.0) completed successfully.
07/02/26 15:45:50 Currently monitoring 1 HTCondor log file(s)
07/02/26 15:45:50 Event: ULOG_JOB_TERMINATED for HTCondor Node COLLECT (169521.34.0) {07/02/26 15:45:49}
07/02/26 15:45:50 Number of idle job procs: 0
07/02/26 15:45:50 Node COLLECT job proc (169521.34.0) completed successfully.
07/02/26 15:47:10 Total jobs placed to AP: 40
07/02/26 15:47:10      Idle     Held     Running     Successful     Failed
07/02/26 15:47:10       ===      ===         ===            ===        ===
07/02/26 15:47:10         0        0           4             36          0
07/02/26 15:47:35 Currently monitoring 1 HTCondor log file(s)
07/02/26 15:47:35 Event: ULOG_JOB_TERMINATED for HTCondor Node COLLECT (169521.36.0) {07/02/26 15:47:34}
07/02/26 15:47:35 Number of idle job procs: 0
07/02/26 15:47:35 Node COLLECT job proc (169521.36.0) completed successfully.
07/02/26 15:50:00 Currently monitoring 1 HTCondor log file(s)
07/02/26 15:50:00 Event: ULOG_JOB_TERMINATED for HTCondor Node COLLECT (169521.39.0) {07/02/26 15:49:55}
07/02/26 15:50:00 Number of idle job procs: 0
07/02/26 15:50:00 Node COLLECT job proc (169521.39.0) completed successfully.
07/02/26 15:56:00 Currently monitoring 1 HTCondor log file(s)
07/02/26 15:56:00 Event: ULOG_JOB_TERMINATED for HTCondor Node COLLECT (169521.37.0) {07/02/26 15:55:57}
07/02/26 15:56:00 Number of idle job procs: 0
07/02/26 15:56:00 Node COLLECT job proc (169521.37.0) completed successfully.
07/02/26 15:56:40 Currently monitoring 1 HTCondor log file(s)
07/02/26 15:56:40 Event: ULOG_JOB_TERMINATED for HTCondor Node COLLECT (169521.38.0) {07/02/26 15:56:38}
07/02/26 15:56:40 Number of idle job procs: 0
07/02/26 15:56:40 Node COLLECT job proc (169521.38.0) completed successfully.
07/02/26 15:56:40 Node COLLECT job(s) have exited the queue
07/02/26 15:56:40 DAG status: 0 (DAG_STATUS_OK)
07/02/26 15:56:40 Of 5 nodes total:
07/02/26 15:56:40  Done     Pre   Queued    Post   Ready   Un-Ready   Failed   Futile
07/02/26 15:56:40   ===     ===      ===     ===     ===        ===      ===      ===
07/02/26 15:56:40     1       0        0       0       1          3        0        0
07/02/26 15:56:40 0 job proc(s) currently held
07/02/26 15:56:40 DAGMan Runtime Statistics: [EventCycleTimeAvg=0.000; EventCycleTimeMax=0.097; EventCycleTimeMin=0.000; EventCycleTimeStd=0.004; EventCycleTimeSum=0.518; SleepCycleTimeAvg=5.005; SleepCycleTimeMax=5.028; SleepCycleTimeMin=5.000; SleepCycleTimeStd=0.003; SleepCycleTimeSum=5975.507; SubmitCycleTimeAvg=0.000; SubmitCycleTimeMax=0.093; SubmitCycleTimeMin=0.000; SubmitCycleTimeStd=0.003; SubmitCycleTimeSum=0.094; EventCycleTimeCount=1194.000; SleepCycleTimeCount=1194.000; SubmitCycleTimeCount=1195.000; LogProcessCycleTimeAvg=0.004; LogProcessCycleTimeMax=0.059; LogProcessCycleTimeMin=0.002; LogProcessCycleTimeStd=0.008; LogProcessCycleTimeSum=0.210; LogProcessCycleTimeCount=47.000; ]
07/02/26 15:56:45 Submitting HTCondor Node MERGE_COLLECTION job(s)...
07/02/26 15:56:45 Submitting node MERGE_COLLECTION from file submissions/action_shield/transport_linetrack_30_20_action_shield_merge_collection.sub using direct job submission
07/02/26 15:56:45 	assigned HTCondor ID (169545.0.0)
07/02/26 15:56:45 Just submitted 1 job this cycle...
07/02/26 15:56:45 DAG status: 0 (DAG_STATUS_OK)
07/02/26 15:56:45 Of 5 nodes total:
07/02/26 15:56:45  Done     Pre   Queued    Post   Ready   Un-Ready   Failed   Futile
07/02/26 15:56:45   ===     ===      ===     ===     ===        ===      ===      ===
07/02/26 15:56:45     1       0        1       0       0          3        0        0
07/02/26 15:56:45 0 job proc(s) currently held
07/02/26 15:56:45 DAGMan Runtime Statistics: [EventCycleTimeAvg=0.000; EventCycleTimeMax=0.097; EventCycleTimeMin=0.000; EventCycleTimeStd=0.004; EventCycleTimeSum=0.529; SleepCycleTimeAvg=5.005; SleepCycleTimeMax=5.028; SleepCycleTimeMin=5.000; SleepCycleTimeStd=0.003; SleepCycleTimeSum=5980.511; SubmitCycleTimeAvg=0.000; SubmitCycleTimeMax=0.093; SubmitCycleTimeMin=0.000; SubmitCycleTimeStd=0.003; SubmitCycleTimeSum=0.110; EventCycleTimeCount=1195.000; SleepCycleTimeCount=1195.000; SubmitCycleTimeCount=1196.000; LogProcessCycleTimeAvg=0.004; LogProcessCycleTimeMax=0.059; LogProcessCycleTimeMin=0.002; LogProcessCycleTimeStd=0.008; LogProcessCycleTimeSum=0.210; LogProcessCycleTimeCount=47.000; ]
07/02/26 15:56:50 Currently monitoring 1 HTCondor log file(s)
07/02/26 15:56:50 Reassigning the id of job MERGE_COLLECTION from (169545.0.0) to (169545.0.0)
07/02/26 15:56:50 Event: ULOG_SUBMIT for HTCondor Node MERGE_COLLECTION (169545.0.0) {07/02/26 15:56:45}
07/02/26 15:56:50 Number of idle job procs: 1
07/02/26 15:56:50 Event: ULOG_EXECUTE for HTCondor Node MERGE_COLLECTION (169545.0.0) {07/02/26 15:56:47}
07/02/26 15:56:50 Number of idle job procs: 0
07/02/26 16:23:18 1588 seconds since last log event
07/02/26 16:23:18 Pending DAG nodes:
07/02/26 16:23:18   Node MERGE_COLLECTION, HTCondor ID 169545, status STATUS_SUBMITTED
07/02/26 16:23:18 Total jobs placed to AP: 41
07/02/26 16:23:18      Idle     Held     Running     Successful     Failed
07/02/26 16:23:18       ===      ===         ===            ===        ===
07/02/26 16:23:18         0        0           1             40          0
07/02/26 16:31:45 Currently monitoring 1 HTCondor log file(s)
07/02/26 16:31:45 Event: ULOG_JOB_EVICTED for HTCondor Node MERGE_COLLECTION (169545.0.0) {07/02/26 16:31:44}
07/02/26 16:31:45 Number of idle job procs: 1
07/02/26 16:32:20 Currently monitoring 1 HTCondor log file(s)
07/02/26 16:32:20 Event: ULOG_EXECUTE for HTCondor Node MERGE_COLLECTION (169545.0.0) {07/02/26 16:32:19}
07/02/26 16:32:20 Number of idle job procs: 0
07/02/26 16:38:20 Total jobs placed to AP: 41
07/02/26 16:38:20      Idle     Held     Running     Successful     Failed
07/02/26 16:38:20       ===      ===         ===            ===        ===
07/02/26 16:38:20         0        0           1             40          0
07/02/26 16:42:21 601 seconds since last log event
07/02/26 16:42:21 Pending DAG nodes:
07/02/26 16:42:21   Node MERGE_COLLECTION, HTCondor ID 169545, status STATUS_SUBMITTED
07/02/26 16:45:11 Currently monitoring 1 HTCondor log file(s)
07/02/26 16:45:11 Event: ULOG_JOB_TERMINATED for HTCondor Node MERGE_COLLECTION (169545.0.0) {07/02/26 16:45:09}
07/02/26 16:45:11 Number of idle job procs: 0
07/02/26 16:45:11 Node MERGE_COLLECTION job proc (169545.0.0) completed successfully.
07/02/26 16:45:11 Node MERGE_COLLECTION job(s) have exited the queue
07/02/26 16:45:11 DAG status: 0 (DAG_STATUS_OK)
07/02/26 16:45:11 Of 5 nodes total:
07/02/26 16:45:11  Done     Pre   Queued    Post   Ready   Un-Ready   Failed   Futile
07/02/26 16:45:11   ===     ===      ===     ===     ===        ===      ===      ===
07/02/26 16:45:11     2       0        0       0       1          2        0        0
07/02/26 16:45:11 0 job proc(s) currently held
07/02/26 16:45:11 DAGMan Runtime Statistics: [EventCycleTimeAvg=0.000; EventCycleTimeMax=0.097; EventCycleTimeMin=0.000; EventCycleTimeStd=0.003; EventCycleTimeSum=0.663; SleepCycleTimeAvg=5.972; SleepCycleTimeMax=1397.321; SleepCycleTimeMin=5.000; SleepCycleTimeStd=36.111; SleepCycleTimeSum=8886.149; SubmitCycleTimeAvg=0.000; SubmitCycleTimeMax=0.093; SubmitCycleTimeMin=0.000; SubmitCycleTimeStd=0.002; SubmitCycleTimeSum=0.111; EventCycleTimeCount=1488.000; SleepCycleTimeCount=1488.000; SubmitCycleTimeCount=1489.000; LogProcessCycleTimeAvg=0.004; LogProcessCycleTimeMax=0.059; LogProcessCycleTimeMin=0.002; LogProcessCycleTimeStd=0.008; LogProcessCycleTimeSum=0.225; LogProcessCycleTimeCount=51.000; ]
07/02/26 16:45:16 Submitting HTCondor Node TRAIN job(s)...
07/02/26 16:45:16 Submitting node TRAIN from file submissions/action_shield/transport_linetrack_30_20_action_shield_train.sub using direct job submission
07/02/26 16:45:16 	assigned HTCondor ID (169559.0.0)
07/02/26 16:45:16 Just submitted 1 job this cycle...
07/02/26 16:45:16 DAG status: 0 (DAG_STATUS_OK)
07/02/26 16:45:16 Of 5 nodes total:
07/02/26 16:45:16  Done     Pre   Queued    Post   Ready   Un-Ready   Failed   Futile
07/02/26 16:45:16   ===     ===      ===     ===     ===        ===      ===      ===
07/02/26 16:45:16     2       0        1       0       0          2        0        0
07/02/26 16:45:16 0 job proc(s) currently held
07/02/26 16:45:16 DAGMan Runtime Statistics: [EventCycleTimeAvg=0.000; EventCycleTimeMax=0.097; EventCycleTimeMin=0.000; EventCycleTimeStd=0.003; EventCycleTimeSum=0.671; SleepCycleTimeAvg=5.971; SleepCycleTimeMax=1397.321; SleepCycleTimeMin=5.000; SleepCycleTimeStd=36.098; SleepCycleTimeSum=8891.152; SubmitCycleTimeAvg=0.000; SubmitCycleTimeMax=0.093; SubmitCycleTimeMin=0.000; SubmitCycleTimeStd=0.002; SubmitCycleTimeSum=0.122; EventCycleTimeCount=1489.000; SleepCycleTimeCount=1489.000; SubmitCycleTimeCount=1490.000; LogProcessCycleTimeAvg=0.004; LogProcessCycleTimeMax=0.059; LogProcessCycleTimeMin=0.002; LogProcessCycleTimeStd=0.008; LogProcessCycleTimeSum=0.225; LogProcessCycleTimeCount=51.000; ]
07/02/26 16:45:21 Currently monitoring 1 HTCondor log file(s)
07/02/26 16:45:21 Reassigning the id of job TRAIN from (169559.0.0) to (169559.0.0)
07/02/26 16:45:21 Event: ULOG_SUBMIT for HTCondor Node TRAIN (169559.0.0) {07/02/26 16:45:16}
07/02/26 16:45:21 Number of idle job procs: 1
07/02/26 16:45:21 Event: ULOG_EXECUTE for HTCondor Node TRAIN (169559.0.0) {07/02/26 16:45:17}
07/02/26 16:45:21 Number of idle job procs: 0
07/02/26 16:53:21 Total jobs placed to AP: 42
07/02/26 16:53:21      Idle     Held     Running     Successful     Failed
07/02/26 16:53:21       ===      ===         ===            ===        ===
07/02/26 16:53:21         0        0           1             41          0
07/02/26 16:55:22 601 seconds since last log event
07/02/26 16:55:22 Pending DAG nodes:
07/02/26 16:55:22   Node TRAIN, HTCondor ID 169559, status STATUS_SUBMITTED
07/02/26 17:05:22 1201 seconds since last log event
07/02/26 17:05:22 Pending DAG nodes:
07/02/26 17:05:22   Node TRAIN, HTCondor ID 169559, status STATUS_SUBMITTED
07/02/26 17:08:22 Total jobs placed to AP: 42
07/02/26 17:08:22      Idle     Held     Running     Successful     Failed
07/02/26 17:08:22       ===      ===         ===            ===        ===
07/02/26 17:08:22         0        0           1             41          0
07/02/26 17:15:23 1802 seconds since last log event
07/02/26 17:15:23 Pending DAG nodes:
07/02/26 17:15:23   Node TRAIN, HTCondor ID 169559, status STATUS_SUBMITTED
07/02/26 17:23:23 Total jobs placed to AP: 42
07/02/26 17:23:23      Idle     Held     Running     Successful     Failed
07/02/26 17:23:23       ===      ===         ===            ===        ===
07/02/26 17:23:23         0        0           1             41          0
07/02/26 17:25:13 Currently monitoring 1 HTCondor log file(s)
07/02/26 17:25:13 Event: ULOG_JOB_TERMINATED for HTCondor Node TRAIN (169559.0.0) {07/02/26 17:25:12}
07/02/26 17:25:13 Number of idle job procs: 0
07/02/26 17:25:13 Node TRAIN job proc (169559.0.0) completed successfully.
07/02/26 17:25:13 Node TRAIN job(s) have exited the queue
07/02/26 17:25:13 DAG status: 0 (DAG_STATUS_OK)
07/02/26 17:25:13 Of 5 nodes total:
07/02/26 17:25:13  Done     Pre   Queued    Post   Ready   Un-Ready   Failed   Futile
07/02/26 17:25:13   ===     ===      ===     ===     ===        ===      ===      ===
07/02/26 17:25:13     3       0        0       0       1          1        0        0
07/02/26 17:25:13 0 job proc(s) currently held
07/02/26 17:25:13 DAGMan Runtime Statistics: [EventCycleTimeAvg=0.000; EventCycleTimeMax=0.097; EventCycleTimeMin=0.000; EventCycleTimeStd=0.003; EventCycleTimeSum=0.808; SleepCycleTimeAvg=5.736; SleepCycleTimeMax=1397.321; SleepCycleTimeMin=5.000; SleepCycleTimeStd=31.400; SleepCycleTimeSum=11288.528; SubmitCycleTimeAvg=0.000; SubmitCycleTimeMax=0.093; SubmitCycleTimeMin=0.000; SubmitCycleTimeStd=0.002; SubmitCycleTimeSum=0.122; EventCycleTimeCount=1968.000; SleepCycleTimeCount=1968.000; SubmitCycleTimeCount=1969.000; LogProcessCycleTimeAvg=0.004; LogProcessCycleTimeMax=0.059; LogProcessCycleTimeMin=0.002; LogProcessCycleTimeStd=0.008; LogProcessCycleTimeSum=0.231; LogProcessCycleTimeCount=53.000; ]
07/02/26 17:25:18 Submitting HTCondor Node EVALUATE job(s)...
07/02/26 17:25:18 Submitting node EVALUATE from file submissions/action_shield/transport_linetrack_30_20_action_shield_evaluate.sub using direct job submission
07/02/26 17:25:19 	assigned HTCondor ID (169583.0.0)
07/02/26 17:25:19 Just submitted 1 job this cycle...
07/02/26 17:25:19 DAG status: 0 (DAG_STATUS_OK)
07/02/26 17:25:19 Of 5 nodes total:
07/02/26 17:25:19  Done     Pre   Queued    Post   Ready   Un-Ready   Failed   Futile
07/02/26 17:25:19   ===     ===      ===     ===     ===        ===      ===      ===
07/02/26 17:25:19     3       0        1       0       0          1        0        0
07/02/26 17:25:19 0 job proc(s) currently held
07/02/26 17:25:19 DAGMan Runtime Statistics: [EventCycleTimeAvg=0.000; EventCycleTimeMax=0.097; EventCycleTimeMin=0.000; EventCycleTimeStd=0.003; EventCycleTimeSum=0.814; SleepCycleTimeAvg=5.736; SleepCycleTimeMax=1397.321; SleepCycleTimeMin=5.000; SleepCycleTimeStd=31.392; SleepCycleTimeSum=11293.533; SubmitCycleTimeAvg=0.000; SubmitCycleTimeMax=0.093; SubmitCycleTimeMin=0.000; SubmitCycleTimeStd=0.003; SubmitCycleTimeSum=0.215; EventCycleTimeCount=1969.000; SleepCycleTimeCount=1969.000; SubmitCycleTimeCount=1970.000; LogProcessCycleTimeAvg=0.004; LogProcessCycleTimeMax=0.059; LogProcessCycleTimeMin=0.002; LogProcessCycleTimeStd=0.008; LogProcessCycleTimeSum=0.231; LogProcessCycleTimeCount=53.000; ]
07/02/26 17:25:24 Currently monitoring 1 HTCondor log file(s)
07/02/26 17:25:24 Reassigning the id of job EVALUATE from (169583.0.0) to (169583.0.0)
07/02/26 17:25:24 Event: ULOG_SUBMIT for HTCondor Node EVALUATE (169583.0.0) {07/02/26 17:25:19}
07/02/26 17:25:24 Number of idle job procs: 1
07/02/26 17:25:24 Reassigning the id of job EVALUATE from (169583.0.0) to (169583.1.0)
07/02/26 17:25:24 Event: ULOG_SUBMIT for HTCondor Node EVALUATE (169583.1.0) {07/02/26 17:25:19}
07/02/26 17:25:24 Number of idle job procs: 2
07/02/26 17:25:24 Reassigning the id of job EVALUATE from (169583.1.0) to (169583.10.0)
07/02/26 17:25:24 Event: ULOG_SUBMIT for HTCondor Node EVALUATE (169583.10.0) {07/02/26 17:25:19}
07/02/26 17:25:24 Number of idle job procs: 3
07/02/26 17:25:24 Reassigning the id of job EVALUATE from (169583.10.0) to (169583.11.0)
07/02/26 17:25:24 Event: ULOG_SUBMIT for HTCondor Node EVALUATE (169583.11.0) {07/02/26 17:25:19}
07/02/26 17:25:24 Number of idle job procs: 4
07/02/26 17:25:24 Reassigning the id of job EVALUATE from (169583.11.0) to (169583.12.0)
07/02/26 17:25:24 Event: ULOG_SUBMIT for HTCondor Node EVALUATE (169583.12.0) {07/02/26 17:25:19}
07/02/26 17:25:24 Number of idle job procs: 5
07/02/26 17:25:24 Reassigning the id of job EVALUATE from (169583.12.0) to (169583.13.0)
07/02/26 17:25:24 Event: ULOG_SUBMIT for HTCondor Node EVALUATE (169583.13.0) {07/02/26 17:25:19}
07/02/26 17:25:24 Number of idle job procs: 6
07/02/26 17:25:24 Reassigning the id of job EVALUATE from (169583.13.0) to (169583.14.0)
07/02/26 17:25:24 Event: ULOG_SUBMIT for HTCondor Node EVALUATE (169583.14.0) {07/02/26 17:25:19}
07/02/26 17:25:24 Number of idle job procs: 7
07/02/26 17:25:24 Reassigning the id of job EVALUATE from (169583.14.0) to (169583.15.0)
07/02/26 17:25:24 Event: ULOG_SUBMIT for HTCondor Node EVALUATE (169583.15.0) {07/02/26 17:25:19}
07/02/26 17:25:24 Number of idle job procs: 8
07/02/26 17:25:24 Reassigning the id of job EVALUATE from (169583.15.0) to (169583.16.0)
07/02/26 17:25:24 Event: ULOG_SUBMIT for HTCondor Node EVALUATE (169583.16.0) {07/02/26 17:25:19}
07/02/26 17:25:24 Number of idle job procs: 9
07/02/26 17:25:24 Reassigning the id of job EVALUATE from (169583.16.0) to (169583.17.0)
07/02/26 17:25:24 Event: ULOG_SUBMIT for HTCondor Node EVALUATE (169583.17.0) {07/02/26 17:25:19}
07/02/26 17:25:24 Number of idle job procs: 10
07/02/26 17:25:24 Reassigning the id of job EVALUATE from (169583.17.0) to (169583.18.0)
07/02/26 17:25:24 Event: ULOG_SUBMIT for HTCondor Node EVALUATE (169583.18.0) {07/02/26 17:25:19}
07/02/26 17:25:24 Number of idle job procs: 11
07/02/26 17:25:24 Reassigning the id of job EVALUATE from (169583.18.0) to (169583.19.0)
07/02/26 17:25:24 Event: ULOG_SUBMIT for HTCondor Node EVALUATE (169583.19.0) {07/02/26 17:25:19}
07/02/26 17:25:24 Number of idle job procs: 12
07/02/26 17:25:24 Reassigning the id of job EVALUATE from (169583.19.0) to (169583.2.0)
07/02/26 17:25:24 Event: ULOG_SUBMIT for HTCondor Node EVALUATE (169583.2.0) {07/02/26 17:25:19}
07/02/26 17:25:24 Number of idle job procs: 13
07/02/26 17:25:24 Reassigning the id of job EVALUATE from (169583.2.0) to (169583.20.0)
07/02/26 17:25:24 Event: ULOG_SUBMIT for HTCondor Node EVALUATE (169583.20.0) {07/02/26 17:25:19}
07/02/26 17:25:24 Number of idle job procs: 14
07/02/26 17:25:24 Reassigning the id of job EVALUATE from (169583.20.0) to (169583.21.0)
07/02/26 17:25:24 Event: ULOG_SUBMIT for HTCondor Node EVALUATE (169583.21.0) {07/02/26 17:25:19}
07/02/26 17:25:24 Number of idle job procs: 15
07/02/26 17:25:24 Reassigning the id of job EVALUATE from (169583.21.0) to (169583.22.0)
07/02/26 17:25:24 Event: ULOG_SUBMIT for HTCondor Node EVALUATE (169583.22.0) {07/02/26 17:25:19}
07/02/26 17:25:24 Number of idle job procs: 16
07/02/26 17:25:24 Reassigning the id of job EVALUATE from (169583.22.0) to (169583.23.0)
07/02/26 17:25:24 Event: ULOG_SUBMIT for HTCondor Node EVALUATE (169583.23.0) {07/02/26 17:25:19}
07/02/26 17:25:24 Number of idle job procs: 17
07/02/26 17:25:24 Reassigning the id of job EVALUATE from (169583.23.0) to (169583.24.0)
07/02/26 17:25:24 Event: ULOG_SUBMIT for HTCondor Node EVALUATE (169583.24.0) {07/02/26 17:25:19}
07/02/26 17:25:24 Number of idle job procs: 18
07/02/26 17:25:24 Reassigning the id of job EVALUATE from (169583.24.0) to (169583.25.0)
07/02/26 17:25:24 Event: ULOG_SUBMIT for HTCondor Node EVALUATE (169583.25.0) {07/02/26 17:25:19}
07/02/26 17:25:24 Number of idle job procs: 19
07/02/26 17:25:24 Reassigning the id of job EVALUATE from (169583.25.0) to (169583.26.0)
07/02/26 17:25:24 Event: ULOG_SUBMIT for HTCondor Node EVALUATE (169583.26.0) {07/02/26 17:25:19}
07/02/26 17:25:24 Number of idle job procs: 20
07/02/26 17:25:24 Reassigning the id of job EVALUATE from (169583.26.0) to (169583.27.0)
07/02/26 17:25:24 Event: ULOG_SUBMIT for HTCondor Node EVALUATE (169583.27.0) {07/02/26 17:25:19}
07/02/26 17:25:24 Number of idle job procs: 21
07/02/26 17:25:24 Reassigning the id of job EVALUATE from (169583.27.0) to (169583.28.0)
07/02/26 17:25:24 Event: ULOG_SUBMIT for HTCondor Node EVALUATE (169583.28.0) {07/02/26 17:25:19}
07/02/26 17:25:24 Number of idle job procs: 22
07/02/26 17:25:24 Reassigning the id of job EVALUATE from (169583.28.0) to (169583.29.0)
07/02/26 17:25:24 Event: ULOG_SUBMIT for HTCondor Node EVALUATE (169583.29.0) {07/02/26 17:25:19}
07/02/26 17:25:24 Number of idle job procs: 23
07/02/26 17:25:24 Reassigning the id of job EVALUATE from (169583.29.0) to (169583.3.0)
07/02/26 17:25:24 Event: ULOG_SUBMIT for HTCondor Node EVALUATE (169583.3.0) {07/02/26 17:25:19}
07/02/26 17:25:24 Number of idle job procs: 24
07/02/26 17:25:24 Reassigning the id of job EVALUATE from (169583.3.0) to (169583.30.0)
07/02/26 17:25:24 Event: ULOG_SUBMIT for HTCondor Node EVALUATE (169583.30.0) {07/02/26 17:25:19}
07/02/26 17:25:24 Number of idle job procs: 25
07/02/26 17:25:24 Reassigning the id of job EVALUATE from (169583.30.0) to (169583.31.0)
07/02/26 17:25:24 Event: ULOG_SUBMIT for HTCondor Node EVALUATE (169583.31.0) {07/02/26 17:25:19}
07/02/26 17:25:24 Number of idle job procs: 26
07/02/26 17:25:24 Reassigning the id of job EVALUATE from (169583.31.0) to (169583.32.0)
07/02/26 17:25:24 Event: ULOG_SUBMIT for HTCondor Node EVALUATE (169583.32.0) {07/02/26 17:25:19}
07/02/26 17:25:24 Number of idle job procs: 27
07/02/26 17:25:24 Reassigning the id of job EVALUATE from (169583.32.0) to (169583.33.0)
07/02/26 17:25:24 Event: ULOG_SUBMIT for HTCondor Node EVALUATE (169583.33.0) {07/02/26 17:25:19}
07/02/26 17:25:24 Number of idle job procs: 28
07/02/26 17:25:24 Reassigning the id of job EVALUATE from (169583.33.0) to (169583.34.0)
07/02/26 17:25:24 Event: ULOG_SUBMIT for HTCondor Node EVALUATE (169583.34.0) {07/02/26 17:25:19}
07/02/26 17:25:24 Number of idle job procs: 29
07/02/26 17:25:24 Reassigning the id of job EVALUATE from (169583.34.0) to (169583.35.0)
07/02/26 17:25:24 Event: ULOG_SUBMIT for HTCondor Node EVALUATE (169583.35.0) {07/02/26 17:25:19}
07/02/26 17:25:24 Number of idle job procs: 30
07/02/26 17:25:24 Reassigning the id of job EVALUATE from (169583.35.0) to (169583.36.0)
07/02/26 17:25:24 Event: ULOG_SUBMIT for HTCondor Node EVALUATE (169583.36.0) {07/02/26 17:25:19}
07/02/26 17:25:24 Number of idle job procs: 31
07/02/26 17:25:24 Reassigning the id of job EVALUATE from (169583.36.0) to (169583.37.0)
07/02/26 17:25:24 Event: ULOG_SUBMIT for HTCondor Node EVALUATE (169583.37.0) {07/02/26 17:25:19}
07/02/26 17:25:24 Number of idle job procs: 32
07/02/26 17:25:24 Reassigning the id of job EVALUATE from (169583.37.0) to (169583.38.0)
07/02/26 17:25:24 Event: ULOG_SUBMIT for HTCondor Node EVALUATE (169583.38.0) {07/02/26 17:25:19}
07/02/26 17:25:24 Number of idle job procs: 33
07/02/26 17:25:24 Reassigning the id of job EVALUATE from (169583.38.0) to (169583.39.0)
07/02/26 17:25:24 Event: ULOG_SUBMIT for HTCondor Node EVALUATE (169583.39.0) {07/02/26 17:25:19}
07/02/26 17:25:24 Number of idle job procs: 34
07/02/26 17:25:24 Reassigning the id of job EVALUATE from (169583.39.0) to (169583.4.0)
07/02/26 17:25:24 Event: ULOG_SUBMIT for HTCondor Node EVALUATE (169583.4.0) {07/02/26 17:25:19}
07/02/26 17:25:24 Number of idle job procs: 35
07/02/26 17:25:24 Reassigning the id of job EVALUATE from (169583.4.0) to (169583.5.0)
07/02/26 17:25:24 Event: ULOG_SUBMIT for HTCondor Node EVALUATE (169583.5.0) {07/02/26 17:25:19}
07/02/26 17:25:24 Number of idle job procs: 36
07/02/26 17:25:24 Reassigning the id of job EVALUATE from (169583.5.0) to (169583.6.0)
07/02/26 17:25:24 Event: ULOG_SUBMIT for HTCondor Node EVALUATE (169583.6.0) {07/02/26 17:25:19}
07/02/26 17:25:24 Number of idle job procs: 37
07/02/26 17:25:24 Reassigning the id of job EVALUATE from (169583.6.0) to (169583.7.0)
07/02/26 17:25:24 Event: ULOG_SUBMIT for HTCondor Node EVALUATE (169583.7.0) {07/02/26 17:25:19}
07/02/26 17:25:24 Number of idle job procs: 38
07/02/26 17:25:24 Reassigning the id of job EVALUATE from (169583.7.0) to (169583.8.0)
07/02/26 17:25:24 Event: ULOG_SUBMIT for HTCondor Node EVALUATE (169583.8.0) {07/02/26 17:25:19}
07/02/26 17:25:24 Number of idle job procs: 39
07/02/26 17:25:24 Reassigning the id of job EVALUATE from (169583.8.0) to (169583.9.0)
07/02/26 17:25:24 Event: ULOG_SUBMIT for HTCondor Node EVALUATE (169583.9.0) {07/02/26 17:25:19}
07/02/26 17:25:24 Number of idle job procs: 40
07/02/26 17:25:24 Event: ULOG_EXECUTE for HTCondor Node EVALUATE (169583.15.0) {07/02/26 17:25:20}
07/02/26 17:25:24 Number of idle job procs: 39
07/02/26 17:25:24 Event: ULOG_EXECUTE for HTCondor Node EVALUATE (169583.17.0) {07/02/26 17:25:20}
07/02/26 17:25:24 Number of idle job procs: 38
07/02/26 17:25:24 Event: ULOG_EXECUTE for HTCondor Node EVALUATE (169583.11.0) {07/02/26 17:25:20}
07/02/26 17:25:24 Number of idle job procs: 37
07/02/26 17:25:24 Event: ULOG_EXECUTE for HTCondor Node EVALUATE (169583.16.0) {07/02/26 17:25:20}
07/02/26 17:25:24 Number of idle job procs: 36
07/02/26 17:25:24 Event: ULOG_EXECUTE for HTCondor Node EVALUATE (169583.10.0) {07/02/26 17:25:20}
07/02/26 17:25:24 Number of idle job procs: 35
07/02/26 17:25:24 Event: ULOG_EXECUTE for HTCondor Node EVALUATE (169583.14.0) {07/02/26 17:25:20}
07/02/26 17:25:24 Number of idle job procs: 34
07/02/26 17:25:24 Event: ULOG_EXECUTE for HTCondor Node EVALUATE (169583.13.0) {07/02/26 17:25:20}
07/02/26 17:25:24 Number of idle job procs: 33
07/02/26 17:25:24 Event: ULOG_EXECUTE for HTCondor Node EVALUATE (169583.12.0) {07/02/26 17:25:20}
07/02/26 17:25:24 Number of idle job procs: 32
07/02/26 17:25:24 Event: ULOG_EXECUTE for HTCondor Node EVALUATE (169583.8.0) {07/02/26 17:25:21}
07/02/26 17:25:24 Number of idle job procs: 31
07/02/26 17:25:24 Event: ULOG_EXECUTE for HTCondor Node EVALUATE (169583.9.0) {07/02/26 17:25:21}
07/02/26 17:25:24 Number of idle job procs: 30
07/02/26 17:25:24 Event: ULOG_EXECUTE for HTCondor Node EVALUATE (169583.0.0) {07/02/26 17:25:21}
07/02/26 17:25:24 Number of idle job procs: 29
07/02/26 17:25:24 Event: ULOG_EXECUTE for HTCondor Node EVALUATE (169583.2.0) {07/02/26 17:25:21}
07/02/26 17:25:24 Number of idle job procs: 28
07/02/26 17:25:24 Event: ULOG_EXECUTE for HTCondor Node EVALUATE (169583.1.0) {07/02/26 17:25:21}
07/02/26 17:25:24 Number of idle job procs: 27
07/02/26 17:25:24 Event: ULOG_EXECUTE for HTCondor Node EVALUATE (169583.21.0) {07/02/26 17:25:21}
07/02/26 17:25:24 Number of idle job procs: 26
07/02/26 17:25:24 Event: ULOG_EXECUTE for HTCondor Node EVALUATE (169583.18.0) {07/02/26 17:25:21}
07/02/26 17:25:24 Number of idle job procs: 25
07/02/26 17:25:24 Event: ULOG_EXECUTE for HTCondor Node EVALUATE (169583.19.0) {07/02/26 17:25:21}
07/02/26 17:25:24 Number of idle job procs: 24
07/02/26 17:25:24 Event: ULOG_EXECUTE for HTCondor Node EVALUATE (169583.20.0) {07/02/26 17:25:21}
07/02/26 17:25:24 Number of idle job procs: 23
07/02/26 17:25:24 Event: ULOG_EXECUTE for HTCondor Node EVALUATE (169583.4.0) {07/02/26 17:25:21}
07/02/26 17:25:24 Number of idle job procs: 22
07/02/26 17:25:24 Event: ULOG_EXECUTE for HTCondor Node EVALUATE (169583.6.0) {07/02/26 17:25:21}
07/02/26 17:25:24 Number of idle job procs: 21
07/02/26 17:25:24 Event: ULOG_EXECUTE for HTCondor Node EVALUATE (169583.3.0) {07/02/26 17:25:21}
07/02/26 17:25:24 Number of idle job procs: 20
07/02/26 17:25:24 Event: ULOG_EXECUTE for HTCondor Node EVALUATE (169583.5.0) {07/02/26 17:25:21}
07/02/26 17:25:24 Number of idle job procs: 19
07/02/26 17:25:24 Event: ULOG_EXECUTE for HTCondor Node EVALUATE (169583.7.0) {07/02/26 17:25:21}
07/02/26 17:25:24 Number of idle job procs: 18
07/02/26 17:35:24 600 seconds since last log event
07/02/26 17:35:24 Pending DAG nodes:
07/02/26 17:35:24   Node EVALUATE, HTCondor ID 169583, status STATUS_SUBMITTED
07/02/26 17:38:24 Total jobs placed to AP: 82
07/02/26 17:38:24      Idle     Held     Running     Successful     Failed
07/02/26 17:38:24       ===      ===         ===            ===        ===
07/02/26 17:38:24        18        0          22             42          0
07/02/26 17:45:25 1201 seconds since last log event
07/02/26 17:45:25 Pending DAG nodes:
07/02/26 17:45:25   Node EVALUATE, HTCondor ID 169583, status STATUS_SUBMITTED
07/02/26 17:48:25 Currently monitoring 1 HTCondor log file(s)
07/02/26 17:48:25 Event: ULOG_JOB_TERMINATED for HTCondor Node EVALUATE (169583.9.0) {07/02/26 17:48:21}
07/02/26 17:48:25 Number of idle job procs: 18
07/02/26 17:48:25 Node EVALUATE job proc (169583.9.0) completed successfully.
07/02/26 17:48:30 Currently monitoring 1 HTCondor log file(s)
07/02/26 17:48:30 Event: ULOG_JOB_TERMINATED for HTCondor Node EVALUATE (169583.8.0) {07/02/26 17:48:30}
07/02/26 17:48:30 Number of idle job procs: 18
07/02/26 17:48:30 Node EVALUATE job proc (169583.8.0) completed successfully.
07/02/26 17:48:55 Currently monitoring 1 HTCondor log file(s)
07/02/26 17:48:55 Event: ULOG_EXECUTE for HTCondor Node EVALUATE (169583.22.0) {07/02/26 17:48:53}
07/02/26 17:48:55 Number of idle job procs: 17
07/02/26 17:49:20 Currently monitoring 1 HTCondor log file(s)
07/02/26 17:49:20 Event: ULOG_JOB_TERMINATED for HTCondor Node EVALUATE (169583.17.0) {07/02/26 17:49:19}
07/02/26 17:49:20 Number of idle job procs: 17
07/02/26 17:49:20 Node EVALUATE job proc (169583.17.0) completed successfully.
07/02/26 17:49:25 Currently monitoring 1 HTCondor log file(s)
07/02/26 17:49:25 Event: ULOG_JOB_TERMINATED for HTCondor Node EVALUATE (169583.19.0) {07/02/26 17:49:24}
07/02/26 17:49:25 Number of idle job procs: 17
07/02/26 17:49:25 Node EVALUATE job proc (169583.19.0) completed successfully.
07/02/26 17:49:25 Event: ULOG_JOB_TERMINATED for HTCondor Node EVALUATE (169583.14.0) {07/02/26 17:49:24}
07/02/26 17:49:25 Number of idle job procs: 17
07/02/26 17:49:25 Node EVALUATE job proc (169583.14.0) completed successfully.
07/02/26 17:49:40 Currently monitoring 1 HTCondor log file(s)
07/02/26 17:49:40 Event: ULOG_JOB_TERMINATED for HTCondor Node EVALUATE (169583.21.0) {07/02/26 17:49:39}
07/02/26 17:49:40 Number of idle job procs: 17
07/02/26 17:49:40 Node EVALUATE job proc (169583.21.0) completed successfully.
07/02/26 17:49:50 Currently monitoring 1 HTCondor log file(s)
07/02/26 17:49:50 Event: ULOG_JOB_TERMINATED for HTCondor Node EVALUATE (169583.20.0) {07/02/26 17:49:46}
07/02/26 17:49:50 Number of idle job procs: 17
07/02/26 17:49:50 Node EVALUATE job proc (169583.20.0) completed successfully.
07/02/26 17:49:50 Event: ULOG_JOB_TERMINATED for HTCondor Node EVALUATE (169583.1.0) {07/02/26 17:49:46}
07/02/26 17:49:50 Number of idle job procs: 17
07/02/26 17:49:50 Node EVALUATE job proc (169583.1.0) completed successfully.
07/02/26 17:49:50 Event: ULOG_JOB_TERMINATED for HTCondor Node EVALUATE (169583.15.0) {07/02/26 17:49:47}
07/02/26 17:49:50 Number of idle job procs: 17
07/02/26 17:49:50 Node EVALUATE job proc (169583.15.0) completed successfully.
07/02/26 17:49:55 Currently monitoring 1 HTCondor log file(s)
07/02/26 17:49:55 Event: ULOG_EXECUTE for HTCondor Node EVALUATE (169583.25.0) {07/02/26 17:49:50}
07/02/26 17:49:55 Number of idle job procs: 16
07/02/26 17:49:55 Event: ULOG_EXECUTE for HTCondor Node EVALUATE (169583.26.0) {07/02/26 17:49:50}
07/02/26 17:49:55 Number of idle job procs: 15
07/02/26 17:49:55 Event: ULOG_EXECUTE for HTCondor Node EVALUATE (169583.27.0) {07/02/26 17:49:50}
07/02/26 17:49:55 Number of idle job procs: 14
07/02/26 17:49:55 Event: ULOG_EXECUTE for HTCondor Node EVALUATE (169583.24.0) {07/02/26 17:49:50}
07/02/26 17:49:55 Number of idle job procs: 13
07/02/26 17:49:55 Event: ULOG_EXECUTE for HTCondor Node EVALUATE (169583.28.0) {07/02/26 17:49:50}
07/02/26 17:49:55 Number of idle job procs: 12
07/02/26 17:49:55 Event: ULOG_EXECUTE for HTCondor Node EVALUATE (169583.29.0) {07/02/26 17:49:50}
07/02/26 17:49:55 Number of idle job procs: 11
07/02/26 17:49:55 Event: ULOG_EXECUTE for HTCondor Node EVALUATE (169583.23.0) {07/02/26 17:49:50}
07/02/26 17:49:55 Number of idle job procs: 10
07/02/26 17:49:55 Event: ULOG_JOB_TERMINATED for HTCondor Node EVALUATE (169583.16.0) {07/02/26 17:49:53}
07/02/26 17:49:55 Number of idle job procs: 10
07/02/26 17:49:55 Node EVALUATE job proc (169583.16.0) completed successfully.
07/02/26 17:50:00 Currently monitoring 1 HTCondor log file(s)
07/02/26 17:50:00 Event: ULOG_JOB_TERMINATED for HTCondor Node EVALUATE (169583.11.0) {07/02/26 17:49:56}
07/02/26 17:50:00 Number of idle job procs: 10
07/02/26 17:50:00 Node EVALUATE job proc (169583.11.0) completed successfully.
07/02/26 17:50:00 Event: ULOG_JOB_TERMINATED for HTCondor Node EVALUATE (169583.7.0) {07/02/26 17:49:57}
07/02/26 17:50:00 Number of idle job procs: 10
07/02/26 17:50:00 Node EVALUATE job proc (169583.7.0) completed successfully.
07/02/26 17:50:10 Currently monitoring 1 HTCondor log file(s)
07/02/26 17:50:10 Event: ULOG_JOB_TERMINATED for HTCondor Node EVALUATE (169583.0.0) {07/02/26 17:50:06}
07/02/26 17:50:10 Number of idle job procs: 10
07/02/26 17:50:10 Node EVALUATE job proc (169583.0.0) completed successfully.
07/02/26 17:50:20 Currently monitoring 1 HTCondor log file(s)
07/02/26 17:50:20 Event: ULOG_EXECUTE for HTCondor Node EVALUATE (169583.32.0) {07/02/26 17:50:19}
07/02/26 17:50:20 Number of idle job procs: 9
07/02/26 17:50:20 Event: ULOG_EXECUTE for HTCondor Node EVALUATE (169583.33.0) {07/02/26 17:50:19}
07/02/26 17:50:20 Number of idle job procs: 8
07/02/26 17:50:20 Event: ULOG_EXECUTE for HTCondor Node EVALUATE (169583.31.0) {07/02/26 17:50:19}
07/02/26 17:50:20 Number of idle job procs: 7
07/02/26 17:50:20 Event: ULOG_EXECUTE for HTCondor Node EVALUATE (169583.30.0) {07/02/26 17:50:19}
07/02/26 17:50:20 Number of idle job procs: 6
07/02/26 17:50:25 Currently monitoring 1 HTCondor log file(s)
07/02/26 17:50:25 Event: ULOG_JOB_TERMINATED for HTCondor Node EVALUATE (169583.6.0) {07/02/26 17:50:23}
07/02/26 17:50:25 Number of idle job procs: 6
07/02/26 17:50:25 Node EVALUATE job proc (169583.6.0) completed successfully.
07/02/26 17:50:25 Event: ULOG_JOB_TERMINATED for HTCondor Node EVALUATE (169583.10.0) {07/02/26 17:50:25}
07/02/26 17:50:25 Number of idle job procs: 6
07/02/26 17:50:25 Node EVALUATE job proc (169583.10.0) completed successfully.
07/02/26 17:50:40 Currently monitoring 1 HTCondor log file(s)
07/02/26 17:50:40 Event: ULOG_JOB_TERMINATED for HTCondor Node EVALUATE (169583.2.0) {07/02/26 17:50:37}
07/02/26 17:50:40 Number of idle job procs: 6
07/02/26 17:50:40 Node EVALUATE job proc (169583.2.0) completed successfully.
07/02/26 17:50:50 Currently monitoring 1 HTCondor log file(s)
07/02/26 17:50:50 Event: ULOG_JOB_TERMINATED for HTCondor Node EVALUATE (169583.12.0) {07/02/26 17:50:47}
07/02/26 17:50:50 Number of idle job procs: 6
07/02/26 17:50:50 Node EVALUATE job proc (169583.12.0) completed successfully.
07/02/26 17:51:00 Currently monitoring 1 HTCondor log file(s)
07/02/26 17:51:00 Event: ULOG_JOB_TERMINATED for HTCondor Node EVALUATE (169583.13.0) {07/02/26 17:50:57}
07/02/26 17:51:00 Number of idle job procs: 6
07/02/26 17:51:00 Node EVALUATE job proc (169583.13.0) completed successfully.
07/02/26 17:51:20 Currently monitoring 1 HTCondor log file(s)
07/02/26 17:51:20 Event: ULOG_EXECUTE for HTCondor Node EVALUATE (169583.36.0) {07/02/26 17:51:18}
07/02/26 17:51:20 Number of idle job procs: 5
07/02/26 17:51:20 Event: ULOG_EXECUTE for HTCondor Node EVALUATE (169583.37.0) {07/02/26 17:51:18}
07/02/26 17:51:20 Number of idle job procs: 4
07/02/26 17:51:20 Event: ULOG_EXECUTE for HTCondor Node EVALUATE (169583.38.0) {07/02/26 17:51:18}
07/02/26 17:51:20 Number of idle job procs: 3
07/02/26 17:51:20 Event: ULOG_EXECUTE for HTCondor Node EVALUATE (169583.35.0) {07/02/26 17:51:18}
07/02/26 17:51:20 Number of idle job procs: 2
07/02/26 17:51:20 Event: ULOG_EXECUTE for HTCondor Node EVALUATE (169583.34.0) {07/02/26 17:51:18}
07/02/26 17:51:20 Number of idle job procs: 1
07/02/26 17:51:25 Currently monitoring 1 HTCondor log file(s)
07/02/26 17:51:25 Event: ULOG_JOB_TERMINATED for HTCondor Node EVALUATE (169583.3.0) {07/02/26 17:51:20}
07/02/26 17:51:25 Number of idle job procs: 1
07/02/26 17:51:25 Node EVALUATE job proc (169583.3.0) completed successfully.
07/02/26 17:52:20 Currently monitoring 1 HTCondor log file(s)
07/02/26 17:52:20 Event: ULOG_EXECUTE for HTCondor Node EVALUATE (169583.39.0) {07/02/26 17:52:18}
07/02/26 17:52:20 Number of idle job procs: 0
07/02/26 17:52:40 Currently monitoring 1 HTCondor log file(s)
07/02/26 17:52:40 Event: ULOG_JOB_TERMINATED for HTCondor Node EVALUATE (169583.4.0) {07/02/26 17:52:38}
07/02/26 17:52:40 Number of idle job procs: 0
07/02/26 17:52:40 Node EVALUATE job proc (169583.4.0) completed successfully.
07/02/26 17:53:25 Total jobs placed to AP: 82
07/02/26 17:53:25      Idle     Held     Running     Successful     Failed
07/02/26 17:53:25       ===      ===         ===            ===        ===
07/02/26 17:53:25         0        0          20             62          0
07/02/26 17:53:30 Currently monitoring 1 HTCondor log file(s)
07/02/26 17:53:30 Event: ULOG_JOB_TERMINATED for HTCondor Node EVALUATE (169583.5.0) {07/02/26 17:53:28}
07/02/26 17:53:30 Number of idle job procs: 0
07/02/26 17:53:30 Node EVALUATE job proc (169583.5.0) completed successfully.
07/02/26 17:54:40 Currently monitoring 1 HTCondor log file(s)
07/02/26 17:54:40 Event: ULOG_JOB_TERMINATED for HTCondor Node EVALUATE (169583.18.0) {07/02/26 17:54:36}
07/02/26 17:54:40 Number of idle job procs: 0
07/02/26 17:54:40 Node EVALUATE job proc (169583.18.0) completed successfully.
07/02/26 18:04:41 601 seconds since last log event
07/02/26 18:04:41 Pending DAG nodes:
07/02/26 18:04:41   Node EVALUATE, HTCondor ID 169583, status STATUS_SUBMITTED
07/02/26 18:08:26 Total jobs placed to AP: 82
07/02/26 18:08:26      Idle     Held     Running     Successful     Failed
07/02/26 18:08:26       ===      ===         ===            ===        ===
07/02/26 18:08:26         0        0          18             64          0
07/02/26 18:12:01 Currently monitoring 1 HTCondor log file(s)
07/02/26 18:12:01 Event: ULOG_JOB_TERMINATED for HTCondor Node EVALUATE (169583.22.0) {07/02/26 18:12:00}
07/02/26 18:12:01 Number of idle job procs: 0
07/02/26 18:12:01 Node EVALUATE job proc (169583.22.0) completed successfully.
07/02/26 18:12:46 Currently monitoring 1 HTCondor log file(s)
07/02/26 18:12:46 Event: ULOG_JOB_TERMINATED for HTCondor Node EVALUATE (169583.24.0) {07/02/26 18:12:43}
07/02/26 18:12:46 Number of idle job procs: 0
07/02/26 18:12:46 Node EVALUATE job proc (169583.24.0) completed successfully.
07/02/26 18:13:47 Currently monitoring 1 HTCondor log file(s)
07/02/26 18:13:47 Event: ULOG_JOB_TERMINATED for HTCondor Node EVALUATE (169583.29.0) {07/02/26 18:13:44}
07/02/26 18:13:47 Number of idle job procs: 0
07/02/26 18:13:47 Node EVALUATE job proc (169583.29.0) completed successfully.
07/02/26 18:14:22 Currently monitoring 1 HTCondor log file(s)
07/02/26 18:14:22 Event: ULOG_JOB_TERMINATED for HTCondor Node EVALUATE (169583.27.0) {07/02/26 18:14:18}
07/02/26 18:14:22 Number of idle job procs: 0
07/02/26 18:14:22 Node EVALUATE job proc (169583.27.0) completed successfully.
07/02/26 18:14:22 Event: ULOG_JOB_TERMINATED for HTCondor Node EVALUATE (169583.28.0) {07/02/26 18:14:19}
07/02/26 18:14:22 Number of idle job procs: 0
07/02/26 18:14:22 Node EVALUATE job proc (169583.28.0) completed successfully.
07/02/26 18:14:32 Currently monitoring 1 HTCondor log file(s)
07/02/26 18:14:32 Event: ULOG_JOB_TERMINATED for HTCondor Node EVALUATE (169583.33.0) {07/02/26 18:14:28}
07/02/26 18:14:32 Number of idle job procs: 0
07/02/26 18:14:32 Node EVALUATE job proc (169583.33.0) completed successfully.
07/02/26 18:15:02 Currently monitoring 1 HTCondor log file(s)
07/02/26 18:15:02 Event: ULOG_JOB_TERMINATED for HTCondor Node EVALUATE (169583.25.0) {07/02/26 18:14:59}
07/02/26 18:15:02 Number of idle job procs: 0
07/02/26 18:15:02 Node EVALUATE job proc (169583.25.0) completed successfully.
07/02/26 18:15:32 Currently monitoring 1 HTCondor log file(s)
07/02/26 18:15:32 Event: ULOG_JOB_TERMINATED for HTCondor Node EVALUATE (169583.26.0) {07/02/26 18:15:30}
07/02/26 18:15:32 Number of idle job procs: 0
07/02/26 18:15:32 Node EVALUATE job proc (169583.26.0) completed successfully.
07/02/26 18:15:37 Currently monitoring 1 HTCondor log file(s)
07/02/26 18:15:37 Event: ULOG_JOB_TERMINATED for HTCondor Node EVALUATE (169583.37.0) {07/02/26 18:15:34}
07/02/26 18:15:37 Number of idle job procs: 0
07/02/26 18:15:37 Node EVALUATE job proc (169583.37.0) completed successfully.
07/02/26 18:15:42 Currently monitoring 1 HTCondor log file(s)
07/02/26 18:15:42 Event: ULOG_JOB_TERMINATED for HTCondor Node EVALUATE (169583.23.0) {07/02/26 18:15:37}
07/02/26 18:15:42 Number of idle job procs: 0
07/02/26 18:15:42 Node EVALUATE job proc (169583.23.0) completed successfully.
07/02/26 18:15:42 Event: ULOG_JOB_TERMINATED for HTCondor Node EVALUATE (169583.30.0) {07/02/26 18:15:41}
07/02/26 18:15:42 Number of idle job procs: 0
07/02/26 18:15:42 Node EVALUATE job proc (169583.30.0) completed successfully.
07/02/26 18:16:02 Currently monitoring 1 HTCondor log file(s)
07/02/26 18:16:02 Event: ULOG_JOB_TERMINATED for HTCondor Node EVALUATE (169583.31.0) {07/02/26 18:16:01}
07/02/26 18:16:02 Number of idle job procs: 0
07/02/26 18:16:02 Node EVALUATE job proc (169583.31.0) completed successfully.
07/02/26 18:16:22 Currently monitoring 1 HTCondor log file(s)
07/02/26 18:16:22 Event: ULOG_JOB_TERMINATED for HTCondor Node EVALUATE (169583.36.0) {07/02/26 18:16:17}
07/02/26 18:16:22 Number of idle job procs: 0
07/02/26 18:16:22 Node EVALUATE job proc (169583.36.0) completed successfully.
07/02/26 18:17:02 Currently monitoring 1 HTCondor log file(s)
07/02/26 18:17:02 Event: ULOG_JOB_TERMINATED for HTCondor Node EVALUATE (169583.35.0) {07/02/26 18:16:59}
07/02/26 18:17:02 Number of idle job procs: 0
07/02/26 18:17:02 Node EVALUATE job proc (169583.35.0) completed successfully.
07/02/26 18:17:22 Currently monitoring 1 HTCondor log file(s)
07/02/26 18:17:22 Event: ULOG_JOB_TERMINATED for HTCondor Node EVALUATE (169583.38.0) {07/02/26 18:17:17}
07/02/26 18:17:22 Number of idle job procs: 0
07/02/26 18:17:22 Node EVALUATE job proc (169583.38.0) completed successfully.
07/02/26 18:17:32 Currently monitoring 1 HTCondor log file(s)
07/02/26 18:17:32 Event: ULOG_JOB_TERMINATED for HTCondor Node EVALUATE (169583.34.0) {07/02/26 18:17:28}
07/02/26 18:17:32 Number of idle job procs: 0
07/02/26 18:17:32 Node EVALUATE job proc (169583.34.0) completed successfully.
07/02/26 18:18:42 Currently monitoring 1 HTCondor log file(s)
07/02/26 18:18:42 Event: ULOG_JOB_TERMINATED for HTCondor Node EVALUATE (169583.39.0) {07/02/26 18:18:40}
07/02/26 18:18:42 Number of idle job procs: 0
07/02/26 18:18:42 Node EVALUATE job proc (169583.39.0) completed successfully.
07/02/26 18:21:07 Currently monitoring 1 HTCondor log file(s)
07/02/26 18:21:07 Event: ULOG_JOB_TERMINATED for HTCondor Node EVALUATE (169583.32.0) {07/02/26 18:21:06}
07/02/26 18:21:07 Number of idle job procs: 0
07/02/26 18:21:07 Node EVALUATE job proc (169583.32.0) completed successfully.
07/02/26 18:21:07 Node EVALUATE job(s) have exited the queue
07/02/26 18:21:07 DAG status: 0 (DAG_STATUS_OK)
07/02/26 18:21:07 Of 5 nodes total:
07/02/26 18:21:07  Done     Pre   Queued    Post   Ready   Un-Ready   Failed   Futile
07/02/26 18:21:07   ===     ===      ===     ===     ===        ===      ===      ===
07/02/26 18:21:07     4       0        0       0       1          0        0        0
07/02/26 18:21:07 0 job proc(s) currently held
07/02/26 18:21:07 DAGMan Runtime Statistics: [EventCycleTimeAvg=0.000; EventCycleTimeMax=0.097; EventCycleTimeMin=0.000; EventCycleTimeStd=0.004; EventCycleTimeSum=1.255; SleepCycleTimeAvg=5.550; SleepCycleTimeMax=1397.321; SleepCycleTimeMin=5.000; SleepCycleTimeStd=27.121; SleepCycleTimeSum=14641.589; SubmitCycleTimeAvg=0.000; SubmitCycleTimeMax=0.093; SubmitCycleTimeMin=0.000; SubmitCycleTimeStd=0.003; SubmitCycleTimeSum=0.215; EventCycleTimeCount=2638.000; SleepCycleTimeCount=2638.000; SubmitCycleTimeCount=2639.000; LogProcessCycleTimeAvg=0.005; LogProcessCycleTimeMax=0.068; LogProcessCycleTimeMin=0.002; LogProcessCycleTimeStd=0.009; LogProcessCycleTimeSum=0.416; LogProcessCycleTimeCount=91.000; ]
07/02/26 18:21:12 Submitting HTCondor Node MERGE_EVALUATION job(s)...
07/02/26 18:21:12 Submitting node MERGE_EVALUATION from file submissions/action_shield/transport_linetrack_30_20_action_shield_merge_evaluation.sub using direct job submission
07/02/26 18:21:12 	assigned HTCondor ID (169599.0.0)
07/02/26 18:21:12 Just submitted 1 job this cycle...
07/02/26 18:21:12 DAG status: 0 (DAG_STATUS_OK)
07/02/26 18:21:12 Of 5 nodes total:
07/02/26 18:21:12  Done     Pre   Queued    Post   Ready   Un-Ready   Failed   Futile
07/02/26 18:21:12   ===     ===      ===     ===     ===        ===      ===      ===
07/02/26 18:21:12     4       0        1       0       0          0        0        0
07/02/26 18:21:12 0 job proc(s) currently held
07/02/26 18:21:12 DAGMan Runtime Statistics: [EventCycleTimeAvg=0.000; EventCycleTimeMax=0.097; EventCycleTimeMin=0.000; EventCycleTimeStd=0.004; EventCycleTimeSum=1.264; SleepCycleTimeAvg=5.550; SleepCycleTimeMax=1397.321; SleepCycleTimeMin=5.000; SleepCycleTimeStd=27.116; SleepCycleTimeSum=14646.592; SubmitCycleTimeAvg=0.000; SubmitCycleTimeMax=0.093; SubmitCycleTimeMin=0.000; SubmitCycleTimeStd=0.003; SubmitCycleTimeSum=0.225; EventCycleTimeCount=2639.000; SleepCycleTimeCount=2639.000; SubmitCycleTimeCount=2640.000; LogProcessCycleTimeAvg=0.005; LogProcessCycleTimeMax=0.068; LogProcessCycleTimeMin=0.002; LogProcessCycleTimeStd=0.009; LogProcessCycleTimeSum=0.416; LogProcessCycleTimeCount=91.000; ]
07/02/26 18:21:17 Currently monitoring 1 HTCondor log file(s)
07/02/26 18:21:17 Reassigning the id of job MERGE_EVALUATION from (169599.0.0) to (169599.0.0)
07/02/26 18:21:17 Event: ULOG_SUBMIT for HTCondor Node MERGE_EVALUATION (169599.0.0) {07/02/26 18:21:12}
07/02/26 18:21:17 Number of idle job procs: 1
07/02/26 18:21:17 Event: ULOG_EXECUTE for HTCondor Node MERGE_EVALUATION (169599.0.0) {07/02/26 18:21:14}
07/02/26 18:21:17 Number of idle job procs: 0
07/02/26 18:21:22 Currently monitoring 1 HTCondor log file(s)
07/02/26 18:21:22 Event: ULOG_JOB_TERMINATED for HTCondor Node MERGE_EVALUATION (169599.0.0) {07/02/26 18:21:18}
07/02/26 18:21:22 Number of idle job procs: 0
07/02/26 18:21:22 Node MERGE_EVALUATION job proc (169599.0.0) completed successfully.
07/02/26 18:21:22 Node MERGE_EVALUATION job(s) have exited the queue
07/02/26 18:21:22 DAG status: 0 (DAG_STATUS_OK)
07/02/26 18:21:22 Of 5 nodes total:
07/02/26 18:21:22  Done     Pre   Queued    Post   Ready   Un-Ready   Failed   Futile
07/02/26 18:21:22   ===     ===      ===     ===     ===        ===      ===      ===
07/02/26 18:21:22     5       0        0       0       0          0        0        0
07/02/26 18:21:22 0 job proc(s) currently held
07/02/26 18:21:22 DAGMan Runtime Statistics: [EventCycleTimeAvg=0.000; EventCycleTimeMax=0.097; EventCycleTimeMin=0.000; EventCycleTimeStd=0.004; EventCycleTimeSum=1.281; SleepCycleTimeAvg=5.550; SleepCycleTimeMax=1397.321; SleepCycleTimeMin=5.000; SleepCycleTimeStd=27.105; SleepCycleTimeSum=14656.599; SubmitCycleTimeAvg=0.000; SubmitCycleTimeMax=0.093; SubmitCycleTimeMin=0.000; SubmitCycleTimeStd=0.003; SubmitCycleTimeSum=0.225; EventCycleTimeCount=2641.000; SleepCycleTimeCount=2641.000; SubmitCycleTimeCount=2642.000; LogProcessCycleTimeAvg=0.005; LogProcessCycleTimeMax=0.068; LogProcessCycleTimeMin=0.002; LogProcessCycleTimeStd=0.009; LogProcessCycleTimeSum=0.423; LogProcessCycleTimeCount=93.000; ]
07/02/26 18:21:22 All jobs Completed!
07/02/26 18:21:22 Note: 0 total node deferrals because of -MaxJobs limit (0)
07/02/26 18:21:22 Note: 0 total node deferrals because of -MaxIdle limit (1000)
07/02/26 18:21:22 Note: 0 total node deferrals because of node category throttles
07/02/26 18:21:22 Note: 0 total PRE script deferrals because of -MaxPre limit (20) or DEFER
07/02/26 18:21:22 Note: 0 total POST script deferrals because of -MaxPost limit (20) or DEFER
07/02/26 18:21:22 Note: 0 total HOLD script deferrals because of -MaxHold limit (20) or DEFER
07/02/26 18:21:22 DAG status: 0 (DAG_STATUS_OK)
07/02/26 18:21:22 Of 5 nodes total:
07/02/26 18:21:22  Done     Pre   Queued    Post   Ready   Un-Ready   Failed   Futile
07/02/26 18:21:22   ===     ===      ===     ===     ===        ===      ===      ===
07/02/26 18:21:22     5       0        0       0       0          0        0        0
07/02/26 18:21:22 0 job proc(s) currently held
07/02/26 18:21:22 DAGMan Runtime Statistics: [EventCycleTimeAvg=0.000; EventCycleTimeMax=0.097; EventCycleTimeMin=0.000; EventCycleTimeStd=0.004; EventCycleTimeSum=1.281; SleepCycleTimeAvg=5.550; SleepCycleTimeMax=1397.321; SleepCycleTimeMin=5.000; SleepCycleTimeStd=27.105; SleepCycleTimeSum=14656.599; SubmitCycleTimeAvg=0.000; SubmitCycleTimeMax=0.093; SubmitCycleTimeMin=0.000; SubmitCycleTimeStd=0.003; SubmitCycleTimeSum=0.225; EventCycleTimeCount=2641.000; SleepCycleTimeCount=2641.000; SubmitCycleTimeCount=2642.000; LogProcessCycleTimeAvg=0.005; LogProcessCycleTimeMax=0.068; LogProcessCycleTimeMin=0.002; LogProcessCycleTimeStd=0.009; LogProcessCycleTimeSum=0.423; LogProcessCycleTimeCount=93.000; ]
07/02/26 18:21:22 Wrote metrics file submissions/action_shield/transport_linetrack_30_20_action_shield.dag.metrics.
07/02/26 18:21:22 DAGMan Runtime Statistics: [EventCycleTimeAvg=0.000; EventCycleTimeMax=0.097; EventCycleTimeMin=0.000; EventCycleTimeStd=0.004; EventCycleTimeSum=1.281; SleepCycleTimeAvg=5.550; SleepCycleTimeMax=1397.321; SleepCycleTimeMin=5.000; SleepCycleTimeStd=27.105; SleepCycleTimeSum=14656.599; SubmitCycleTimeAvg=0.000; SubmitCycleTimeMax=0.093; SubmitCycleTimeMin=0.000; SubmitCycleTimeStd=0.003; SubmitCycleTimeSum=0.225; EventCycleTimeCount=2641.000; SleepCycleTimeCount=2641.000; SubmitCycleTimeCount=2642.000; LogProcessCycleTimeAvg=0.005; LogProcessCycleTimeMax=0.068; LogProcessCycleTimeMin=0.002; LogProcessCycleTimeStd=0.009; LogProcessCycleTimeSum=0.423; LogProcessCycleTimeCount=93.000; ]
07/02/26 18:21:22 **** condor_scheduniv_exec.169520.0 (condor_DAGMAN) pid 2142084 EXITING WITH STATUS 0
