000 (170527.000.000) 2026-07-07 23:42:04 Job submitted from host: <10.143.248.60:9618?addrs=10.143.248.60-9618&alias=conduit.hpc.uni-saarland.de&noUDP&sock=schedd_589376_7e06>
    DAG Node: MERGE_COLLECTION
...
001 (170527.000.000) 2026-07-08 00:25:56 Job executing on host: <10.143.248.24:9618?PrivAddr=%3c10.143.250.24:9618%3fsock%3dstartd_3095_7db5%3e&PrivNet=cs-hpc-storage&addrs=10.143.248.24-9618&alias=tenos.hpc.uni-saarland.de&noUDP&sock=startd_3095_7db5>
	SlotName: teaching5@tenos.hpc.uni-saarland.de
	AvailableGPUs = { GPUs_GPU_d4afbcd7 }
	CondorScratchDir = "/raid/condor/lib/condor/execute/dir_3665765"
	Cpus = 7
	Disk = 433398746
	GPUs = 1
	GPUs_GPU_d4afbcd7 = [ Id = "GPU-d4afbcd7"; Capability = 6.0; DeviceName = "Tesla P100-SXM2-16GB"; DeviceUuid = "d4afbcd7-c415-a8f0-e34d-1d8ca1f2a4d9"; ECCEnabled = true; NvidiaDriver = "550.163.01"; DriverVersion = 12.4; DevicePciBusId = "0000:85:00.0"; GlobalMemoryMb = 16269; MaxSupportedVersion = 12040 ]
	Memory = 96737
...
005 (170527.000.000) 2026-07-08 00:26:01 Job terminated.
	(1) Normal termination (return value 1)
		Usr 0 00:00:00, Sys 0 00:00:00  -  Run Remote Usage
		Usr 0 00:00:00, Sys 0 00:00:00  -  Run Local Usage
		Usr 0 00:00:00, Sys 0 00:00:00  -  Total Remote Usage
		Usr 0 00:00:00, Sys 0 00:00:00  -  Total Local Usage
	0  -  Run Bytes Sent By Job
	0  -  Run Bytes Received By Job
	0  -  Total Bytes Sent By Job
	0  -  Total Bytes Received By Job
	Partitionable Resources :    Usage  Request Allocated Assigned
	   Cpus                 :     0.02        1         7 
	   Disk (KB)            :    22          50 433398746 
	   GPUs                 :                 0         1 "GPU-d4afbcd7"
	   Memory (MB)          :              8192     96737 
	   TimeExecute (s)      :     5                       
	   TimeSlotBusy (s)     :     6                       
...
